Mar 02 20:51:56 erokez-msi kernel: Linux version 6.12.73-1-MANJARO (linux612@manjaro) (gcc (GCC) 15.2.1 20260209, GNU ld (GNU Binutils) 2.46) #1 SMP PREEMPT_DYNAMIC Mon, 16 Feb 2026 21:36:06 +0000
Mar 02 20:51:56 erokez-msi kernel: Command line: BOOT_IMAGE=/@/boot/vmlinuz-6.12-x86_64 root=UUID=9588d3dc-8304-4c3c-918c-a6acfbb3c59e rw rootflags=subvol=@ split_lock_detect=off zswap.enabled=0 quiet splash intel_idle.max_cstate=1 processor.max_cstate=1 apparmor=1 security=apparmor udev.log_priority=3 i915.enable_psr=0 nvidia_drm.modeset=1
Mar 02 20:51:56 erokez-msi kernel: x86/split lock detection: disabled
Mar 02 20:51:56 erokez-msi kernel: BIOS-provided physical RAM map:
Mar 02 20:51:56 erokez-msi kernel: BIOS-e820: [mem 0x0000000000000000-0x000000000009dfff] usable
Mar 02 20:51:56 erokez-msi kernel: BIOS-e820: [mem 0x000000000009e000-0x000000000009efff] reserved
Mar 02 20:51:56 erokez-msi kernel: BIOS-e820: [mem 0x000000000009f000-0x000000000009ffff] usable
Mar 02 20:51:56 erokez-msi kernel: BIOS-e820: [mem 0x00000000000a0000-0x00000000000fffff] reserved
Mar 02 20:51:56 erokez-msi kernel: BIOS-e820: [mem 0x0000000000100000-0x000000006d97bfff] usable
Mar 02 20:51:56 erokez-msi kernel: BIOS-e820: [mem 0x000000006d97c000-0x0000000070a7bfff] reserved
Mar 02 20:51:56 erokez-msi kernel: BIOS-e820: [mem 0x0000000070a7c000-0x0000000070b66fff] ACPI data
Mar 02 20:51:56 erokez-msi kernel: BIOS-e820: [mem 0x0000000070b67000-0x0000000070c81fff] ACPI NVS
Mar 02 20:51:56 erokez-msi kernel: BIOS-e820: [mem 0x0000000070c82000-0x0000000073efefff] reserved
Mar 02 20:51:56 erokez-msi kernel: BIOS-e820: [mem 0x0000000073eff000-0x0000000073efffff] usable
Mar 02 20:51:56 erokez-msi kernel: BIOS-e820: [mem 0x0000000073f00000-0x0000000079ffffff] reserved
Mar 02 20:51:56 erokez-msi kernel: BIOS-e820: [mem 0x000000007aa00000-0x000000007abfffff] reserved
Mar 02 20:51:56 erokez-msi kernel: BIOS-e820: [mem 0x000000007b000000-0x00000000803fffff] reserved
Mar 02 20:51:56 erokez-msi kernel: BIOS-e820: [mem 0x00000000c0000000-0x00000000cfffffff] reserved
Mar 02 20:51:56 erokez-msi kernel: BIOS-e820: [mem 0x00000000fe000000-0x00000000fe010fff] reserved
Mar 02 20:51:56 erokez-msi kernel: BIOS-e820: [mem 0x00000000fec00000-0x00000000fec00fff] reserved
Mar 02 20:51:56 erokez-msi kernel: BIOS-e820: [mem 0x00000000fed00000-0x00000000fed00fff] reserved
Mar 02 20:51:56 erokez-msi kernel: BIOS-e820: [mem 0x00000000fed20000-0x00000000fed7ffff] reserved
Mar 02 20:51:56 erokez-msi kernel: BIOS-e820: [mem 0x00000000fee00000-0x00000000fee00fff] reserved
Mar 02 20:51:56 erokez-msi kernel: BIOS-e820: [mem 0x00000000ff000000-0x00000000ffffffff] reserved
Mar 02 20:51:56 erokez-msi kernel: BIOS-e820: [mem 0x0000000100000000-0x000000087fbfffff] usable
Mar 02 20:51:56 erokez-msi kernel: The simpledrm driver will not be probed
Mar 02 20:51:56 erokez-msi kernel: NX (Execute Disable) protection: active
Mar 02 20:51:56 erokez-msi kernel: APIC: Static calls initialized
Mar 02 20:51:56 erokez-msi kernel: e820: update [mem 0x6476c018-0x6477be57] usable ==> usable
Mar 02 20:51:56 erokez-msi kernel: extended physical RAM map:
Mar 02 20:51:56 erokez-msi kernel: reserve setup_data: [mem 0x0000000000000000-0x000000000009dfff] usable
Mar 02 20:51:56 erokez-msi kernel: reserve setup_data: [mem 0x000000000009e000-0x000000000009efff] reserved
Mar 02 20:51:56 erokez-msi kernel: reserve setup_data: [mem 0x000000000009f000-0x000000000009ffff] usable
Mar 02 20:51:56 erokez-msi kernel: reserve setup_data: [mem 0x00000000000a0000-0x00000000000fffff] reserved
Mar 02 20:51:56 erokez-msi kernel: reserve setup_data: [mem 0x0000000000100000-0x000000006476c017] usable
Mar 02 20:51:56 erokez-msi kernel: reserve setup_data: [mem 0x000000006476c018-0x000000006477be57] usable
Mar 02 20:51:56 erokez-msi kernel: reserve setup_data: [mem 0x000000006477be58-0x000000006d97bfff] usable
Mar 02 20:51:56 erokez-msi kernel: reserve setup_data: [mem 0x000000006d97c000-0x0000000070a7bfff] reserved
Mar 02 20:51:56 erokez-msi kernel: reserve setup_data: [mem 0x0000000070a7c000-0x0000000070b66fff] ACPI data
Mar 02 20:51:56 erokez-msi kernel: reserve setup_data: [mem 0x0000000070b67000-0x0000000070c81fff] ACPI NVS
Mar 02 20:51:56 erokez-msi kernel: reserve setup_data: [mem 0x0000000070c82000-0x0000000073efefff] reserved
Mar 02 20:51:56 erokez-msi kernel: reserve setup_data: [mem 0x0000000073eff000-0x0000000073efffff] usable
Mar 02 20:51:56 erokez-msi kernel: reserve setup_data: [mem 0x0000000073f00000-0x0000000079ffffff] reserved
Mar 02 20:51:56 erokez-msi kernel: reserve setup_data: [mem 0x000000007aa00000-0x000000007abfffff] reserved
Mar 02 20:51:56 erokez-msi kernel: reserve setup_data: [mem 0x000000007b000000-0x00000000803fffff] reserved
Mar 02 20:51:56 erokez-msi kernel: reserve setup_data: [mem 0x00000000c0000000-0x00000000cfffffff] reserved
Mar 02 20:51:56 erokez-msi kernel: reserve setup_data: [mem 0x00000000fe000000-0x00000000fe010fff] reserved
Mar 02 20:51:56 erokez-msi kernel: reserve setup_data: [mem 0x00000000fec00000-0x00000000fec00fff] reserved
Mar 02 20:51:56 erokez-msi kernel: reserve setup_data: [mem 0x00000000fed00000-0x00000000fed00fff] reserved
Mar 02 20:51:56 erokez-msi kernel: reserve setup_data: [mem 0x00000000fed20000-0x00000000fed7ffff] reserved
Mar 02 20:51:56 erokez-msi kernel: reserve setup_data: [mem 0x00000000fee00000-0x00000000fee00fff] reserved
Mar 02 20:51:56 erokez-msi kernel: reserve setup_data: [mem 0x00000000ff000000-0x00000000ffffffff] reserved
Mar 02 20:51:56 erokez-msi kernel: reserve setup_data: [mem 0x0000000100000000-0x000000087fbfffff] usable
Mar 02 20:51:56 erokez-msi kernel: efi: EFI v2.8 by American Megatrends
Mar 02 20:51:56 erokez-msi kernel: efi: ACPI=0x70c1f000 ACPI 2.0=0x70c1f014 TPMFinalLog=0x70bed000 SMBIOS=0x73ca2000 SMBIOS 3.0=0x73ca1000 MEMATTR=0x6478f418 ESRT=0x66c66098 INITRD=0x64786118 RNG=0x70aaa018 TPMEventLog=0x70aa1018 
Mar 02 20:51:56 erokez-msi kernel: random: crng init done
Mar 02 20:51:56 erokez-msi kernel: efi: Remove mem71: MMIO range=[0xc0000000-0xcfffffff] (256MB) from e820 map
Mar 02 20:51:56 erokez-msi kernel: e820: remove [mem 0xc0000000-0xcfffffff] reserved
Mar 02 20:51:56 erokez-msi kernel: efi: Not removing mem72: MMIO range=[0xfe000000-0xfe010fff] (68KB) from e820 map
Mar 02 20:51:56 erokez-msi kernel: efi: Not removing mem73: MMIO range=[0xfec00000-0xfec00fff] (4KB) from e820 map
Mar 02 20:51:56 erokez-msi kernel: efi: Not removing mem74: MMIO range=[0xfed00000-0xfed00fff] (4KB) from e820 map
Mar 02 20:51:56 erokez-msi kernel: efi: Not removing mem76: MMIO range=[0xfee00000-0xfee00fff] (4KB) from e820 map
Mar 02 20:51:56 erokez-msi kernel: efi: Remove mem77: MMIO range=[0xff000000-0xffffffff] (16MB) from e820 map
Mar 02 20:51:56 erokez-msi kernel: e820: remove [mem 0xff000000-0xffffffff] reserved
Mar 02 20:51:56 erokez-msi kernel: SMBIOS 3.4.0 present.
Mar 02 20:51:56 erokez-msi kernel: DMI: Micro-Star International Co., Ltd. Katana GF76 12UC/MS-17L4, BIOS E17L4IMS.113 06/27/2023
Mar 02 20:51:56 erokez-msi kernel: DMI: Memory slots populated: 2/2
Mar 02 20:51:56 erokez-msi kernel: tsc: Detected 1100.000 MHz processor
Mar 02 20:51:56 erokez-msi kernel: tsc: Detected 1113.600 MHz TSC
Mar 02 20:51:56 erokez-msi kernel: e820: update [mem 0x00000000-0x00000fff] usable ==> reserved
Mar 02 20:51:56 erokez-msi kernel: e820: remove [mem 0x000a0000-0x000fffff] usable
Mar 02 20:51:56 erokez-msi kernel: last_pfn = 0x87fc00 max_arch_pfn = 0x400000000
Mar 02 20:51:56 erokez-msi kernel: MTRR map: 5 entries (3 fixed + 2 variable; max 23), built from 10 variable MTRRs
Mar 02 20:51:56 erokez-msi kernel: x86/PAT: Configuration [0-7]: WB  WC  UC- UC  WB  WP  UC- WT  
Mar 02 20:51:56 erokez-msi kernel: last_pfn = 0x73f00 max_arch_pfn = 0x400000000
Mar 02 20:51:56 erokez-msi kernel: esrt: Reserving ESRT space from 0x0000000066c66098 to 0x0000000066c66148.
Mar 02 20:51:56 erokez-msi kernel: e820: update [mem 0x66c66000-0x66c66fff] usable ==> reserved
Mar 02 20:51:56 erokez-msi kernel: Using GB pages for direct mapping
Mar 02 20:51:56 erokez-msi kernel: Secure boot disabled
Mar 02 20:51:56 erokez-msi kernel: RAMDISK: [mem 0x5195a000-0x5638dfff]
Mar 02 20:51:56 erokez-msi kernel: ACPI: Early table checksum verification disabled
Mar 02 20:51:56 erokez-msi kernel: ACPI: RSDP 0x0000000070C1F014 000024 (v02 MSI_NB)
Mar 02 20:51:56 erokez-msi kernel: ACPI: XSDT 0x0000000070C1E728 000134 (v01 MSI_NB MEGABOOK 01072009 AMI  01000013)
Mar 02 20:51:56 erokez-msi kernel: ACPI: FACP 0x0000000070B60000 000114 (v06 MSI_NB MEGABOOK 01072009 AMI  01000013)
Mar 02 20:51:56 erokez-msi kernel: ACPI: DSDT 0x0000000070AF1000 06E660 (v02 MSI_NB MEGABOOK 01072009 INTL 20200717)
Mar 02 20:51:56 erokez-msi kernel: ACPI: FACS 0x0000000070C81000 000040
Mar 02 20:51:56 erokez-msi kernel: ACPI: SSDT 0x0000000070B61000 003B78 (v02 DptfTb DptfTabl 00001000 INTL 20200717)
Mar 02 20:51:56 erokez-msi kernel: ACPI: FIDT 0x0000000070AF0000 00009C (v01 MSI_NB MEGABOOK 01072009 AMI  00010013)
Mar 02 20:51:56 erokez-msi kernel: ACPI: SLIC 0x0000000070B66000 000176 (v01 MSI_NB MEGABOOK 01072009 AMI  01000013)
Mar 02 20:51:56 erokez-msi kernel: ACPI: SSDT 0x0000000070B65000 00038C (v02 PmaxDv Pmax_Dev 00000001 INTL 20200717)
Mar 02 20:51:56 erokez-msi kernel: ACPI: SSDT 0x0000000070AEF000 00006B (v02 MSI_NB MsiNvs   00003000 INTL 20200717)
Mar 02 20:51:56 erokez-msi kernel: ACPI: SSDT 0x0000000070AE9000 005D01 (v02 CpuRef CpuSsdt  00003000 INTL 20200717)
Mar 02 20:51:56 erokez-msi kernel: ACPI: SSDT 0x0000000070AE6000 002AA1 (v02 SaSsdt SaSsdt   00003000 INTL 20200717)
Mar 02 20:51:56 erokez-msi kernel: ACPI: SSDT 0x0000000070AE2000 0033D3 (v02 INTEL  IgfxSsdt 00003000 INTL 20200717)
Mar 02 20:51:56 erokez-msi kernel: ACPI: SSDT 0x0000000070AD4000 00D2DF (v02 INTEL  TcssSsdt 00001000 INTL 20200717)
Mar 02 20:51:56 erokez-msi kernel: ACPI: HPET 0x0000000070AD3000 000038 (v01 MSI_NB MEGABOOK 01072009 AMI  01000013)
Mar 02 20:51:56 erokez-msi kernel: ACPI: APIC 0x0000000070AD2000 0001DC (v05 MSI_NB MEGABOOK 01072009 AMI  01000013)
Mar 02 20:51:56 erokez-msi kernel: ACPI: MCFG 0x0000000070AD1000 00003C (v01 MSI_NB MEGABOOK 01072009 AMI  01000013)
Mar 02 20:51:56 erokez-msi kernel: ACPI: SSDT 0x0000000070ACB000 005C4A (v02 MSI_NB AdlP_Rvp 00001000 INTL 20200717)
Mar 02 20:51:56 erokez-msi kernel: ACPI: UEFI 0x0000000070BD3000 000048 (v01 MSI_NB MEGABOOK 01072009 AMI  01000013)
Mar 02 20:51:56 erokez-msi kernel: ACPI: LPIT 0x0000000070ACA000 0000CC (v01 MSI_NB MEGABOOK 01072009 AMI  01000013)
Mar 02 20:51:56 erokez-msi kernel: ACPI: SSDT 0x0000000070AC6000 002A83 (v02 MSI_NB PtidDevc 00001000 INTL 20200717)
Mar 02 20:51:56 erokez-msi kernel: ACPI: SSDT 0x0000000070AC3000 002357 (v02 MSI_NB TbtTypeC 00000000 INTL 20200717)
Mar 02 20:51:56 erokez-msi kernel: ACPI: DBGP 0x0000000070AC2000 000034 (v01 MSI_NB MEGABOOK 01072009 AMI  01000013)
Mar 02 20:51:56 erokez-msi kernel: ACPI: DBG2 0x0000000070AC1000 000054 (v00 MSI_NB MEGABOOK 01072009 AMI  01000013)
Mar 02 20:51:56 erokez-msi kernel: ACPI: SSDT 0x0000000070ABF000 0010FF (v02 MSI_NB UsbCTabl 00001000 INTL 20200717)
Mar 02 20:51:56 erokez-msi kernel: ACPI: NHLT 0x0000000070ABD000 001AD0 (v00 MSI_NB MEGABOOK 01072009 AMI  01000013)
Mar 02 20:51:56 erokez-msi kernel: ACPI: DMAR 0x0000000070ABC000 000088 (v02 INTEL  EDK2     00000002      01000013)
Mar 02 20:51:56 erokez-msi kernel: ACPI: SSDT 0x0000000070ABB000 00085F (v02 INTEL  xh_adlLP 00000000 INTL 20200717)
Mar 02 20:51:56 erokez-msi kernel: ACPI: SSDT 0x0000000070AB7000 003AEA (v02 SocGpe SocGpe   00003000 INTL 20200717)
Mar 02 20:51:56 erokez-msi kernel: ACPI: SSDT 0x0000000070AB4000 002B2A (v02 SocCmn SocCmn   00003000 INTL 20200717)
Mar 02 20:51:56 erokez-msi kernel: ACPI: SSDT 0x0000000070AB3000 000144 (v02 Intel  ADebTabl 00001000 INTL 20200717)
Mar 02 20:51:56 erokez-msi kernel: ACPI: BGRT 0x0000000070AB2000 000038 (v01 MSI_NB MEGABOOK 01072009 AMI  00010013)
Mar 02 20:51:56 erokez-msi kernel: ACPI: TPM2 0x0000000070AB1000 00004C (v04 MSI_NB MEGABOOK 00000001 AMI  00000000)
Mar 02 20:51:56 erokez-msi kernel: ACPI: SSDT 0x0000000070AAE000 0029D2 (v01 OptRf2 Opt2Tabl 00001000 INTL 20200717)
Mar 02 20:51:56 erokez-msi kernel: ACPI: PHAT 0x0000000070AAD000 000591 (v00 MSI_NB MEGABOOK 00000005 MSFT 0100000D)
Mar 02 20:51:56 erokez-msi kernel: ACPI: WSMT 0x0000000070AC9000 000028 (v01 MSI_NB MEGABOOK 01072009 AMI  00010013)
Mar 02 20:51:56 erokez-msi kernel: ACPI: FPDT 0x0000000070AAC000 000044 (v01 MSI_NB A M I    01072009 AMI  01000013)
Mar 02 20:51:56 erokez-msi kernel: ACPI: BGRT 0x0000000070AAB000 000038 (v01 MSI_NB MEGABOOK 01072009 AMI  00010013)
Mar 02 20:51:56 erokez-msi kernel: ACPI: Reserving FACP table memory at [mem 0x70b60000-0x70b60113]
Mar 02 20:51:56 erokez-msi kernel: ACPI: Reserving DSDT table memory at [mem 0x70af1000-0x70b5f65f]
Mar 02 20:51:56 erokez-msi kernel: ACPI: Reserving FACS table memory at [mem 0x70c81000-0x70c8103f]
Mar 02 20:51:56 erokez-msi kernel: ACPI: Reserving SSDT table memory at [mem 0x70b61000-0x70b64b77]
Mar 02 20:51:56 erokez-msi kernel: ACPI: Reserving FIDT table memory at [mem 0x70af0000-0x70af009b]
Mar 02 20:51:56 erokez-msi kernel: ACPI: Reserving SLIC table memory at [mem 0x70b66000-0x70b66175]
Mar 02 20:51:56 erokez-msi kernel: ACPI: Reserving SSDT table memory at [mem 0x70b65000-0x70b6538b]
Mar 02 20:51:56 erokez-msi kernel: ACPI: Reserving SSDT table memory at [mem 0x70aef000-0x70aef06a]
Mar 02 20:51:56 erokez-msi kernel: ACPI: Reserving SSDT table memory at [mem 0x70ae9000-0x70aeed00]
Mar 02 20:51:56 erokez-msi kernel: ACPI: Reserving SSDT table memory at [mem 0x70ae6000-0x70ae8aa0]
Mar 02 20:51:56 erokez-msi kernel: ACPI: Reserving SSDT table memory at [mem 0x70ae2000-0x70ae53d2]
Mar 02 20:51:56 erokez-msi kernel: ACPI: Reserving SSDT table memory at [mem 0x70ad4000-0x70ae12de]
Mar 02 20:51:56 erokez-msi kernel: ACPI: Reserving HPET table memory at [mem 0x70ad3000-0x70ad3037]
Mar 02 20:51:56 erokez-msi kernel: ACPI: Reserving APIC table memory at [mem 0x70ad2000-0x70ad21db]
Mar 02 20:51:56 erokez-msi kernel: ACPI: Reserving MCFG table memory at [mem 0x70ad1000-0x70ad103b]
Mar 02 20:51:56 erokez-msi kernel: ACPI: Reserving SSDT table memory at [mem 0x70acb000-0x70ad0c49]
Mar 02 20:51:56 erokez-msi kernel: ACPI: Reserving UEFI table memory at [mem 0x70bd3000-0x70bd3047]
Mar 02 20:51:56 erokez-msi kernel: ACPI: Reserving LPIT table memory at [mem 0x70aca000-0x70aca0cb]
Mar 02 20:51:56 erokez-msi kernel: ACPI: Reserving SSDT table memory at [mem 0x70ac6000-0x70ac8a82]
Mar 02 20:51:56 erokez-msi kernel: ACPI: Reserving SSDT table memory at [mem 0x70ac3000-0x70ac5356]
Mar 02 20:51:56 erokez-msi kernel: ACPI: Reserving DBGP table memory at [mem 0x70ac2000-0x70ac2033]
Mar 02 20:51:56 erokez-msi kernel: ACPI: Reserving DBG2 table memory at [mem 0x70ac1000-0x70ac1053]
Mar 02 20:51:56 erokez-msi kernel: ACPI: Reserving SSDT table memory at [mem 0x70abf000-0x70ac00fe]
Mar 02 20:51:56 erokez-msi kernel: ACPI: Reserving NHLT table memory at [mem 0x70abd000-0x70abeacf]
Mar 02 20:51:56 erokez-msi kernel: ACPI: Reserving DMAR table memory at [mem 0x70abc000-0x70abc087]
Mar 02 20:51:56 erokez-msi kernel: ACPI: Reserving SSDT table memory at [mem 0x70abb000-0x70abb85e]
Mar 02 20:51:56 erokez-msi kernel: ACPI: Reserving SSDT table memory at [mem 0x70ab7000-0x70abaae9]
Mar 02 20:51:56 erokez-msi kernel: ACPI: Reserving SSDT table memory at [mem 0x70ab4000-0x70ab6b29]
Mar 02 20:51:56 erokez-msi kernel: ACPI: Reserving SSDT table memory at [mem 0x70ab3000-0x70ab3143]
Mar 02 20:51:56 erokez-msi kernel: ACPI: Reserving BGRT table memory at [mem 0x70ab2000-0x70ab2037]
Mar 02 20:51:56 erokez-msi kernel: ACPI: Reserving TPM2 table memory at [mem 0x70ab1000-0x70ab104b]
Mar 02 20:51:56 erokez-msi kernel: ACPI: Reserving SSDT table memory at [mem 0x70aae000-0x70ab09d1]
Mar 02 20:51:56 erokez-msi kernel: ACPI: Reserving PHAT table memory at [mem 0x70aad000-0x70aad590]
Mar 02 20:51:56 erokez-msi kernel: ACPI: Reserving WSMT table memory at [mem 0x70ac9000-0x70ac9027]
Mar 02 20:51:56 erokez-msi kernel: ACPI: Reserving FPDT table memory at [mem 0x70aac000-0x70aac043]
Mar 02 20:51:56 erokez-msi kernel: ACPI: Reserving BGRT table memory at [mem 0x70aab000-0x70aab037]
Mar 02 20:51:56 erokez-msi kernel: No NUMA configuration found
Mar 02 20:51:56 erokez-msi kernel: Faking a node at [mem 0x0000000000000000-0x000000087fbfffff]
Mar 02 20:51:56 erokez-msi kernel: NODE_DATA(0) allocated [mem 0x87fbd52c0-0x87fbfffff]
Mar 02 20:51:56 erokez-msi kernel: Zone ranges:
Mar 02 20:51:56 erokez-msi kernel:   DMA      [mem 0x0000000000001000-0x0000000000ffffff]
Mar 02 20:51:56 erokez-msi kernel:   DMA32    [mem 0x0000000001000000-0x00000000ffffffff]
Mar 02 20:51:56 erokez-msi kernel:   Normal   [mem 0x0000000100000000-0x000000087fbfffff]
Mar 02 20:51:56 erokez-msi kernel:   Device   empty
Mar 02 20:51:56 erokez-msi kernel: Movable zone start for each node
Mar 02 20:51:56 erokez-msi kernel: Early memory node ranges
Mar 02 20:51:56 erokez-msi kernel:   node   0: [mem 0x0000000000001000-0x000000000009dfff]
Mar 02 20:51:56 erokez-msi kernel:   node   0: [mem 0x000000000009f000-0x000000000009ffff]
Mar 02 20:51:56 erokez-msi kernel:   node   0: [mem 0x0000000000100000-0x000000006d97bfff]
Mar 02 20:51:56 erokez-msi kernel:   node   0: [mem 0x0000000073eff000-0x0000000073efffff]
Mar 02 20:51:56 erokez-msi kernel:   node   0: [mem 0x0000000100000000-0x000000087fbfffff]
Mar 02 20:51:56 erokez-msi kernel: Initmem setup node 0 [mem 0x0000000000001000-0x000000087fbfffff]
Mar 02 20:51:56 erokez-msi kernel: On node 0, zone DMA: 1 pages in unavailable ranges
Mar 02 20:51:56 erokez-msi kernel: On node 0, zone DMA: 1 pages in unavailable ranges
Mar 02 20:51:56 erokez-msi kernel: On node 0, zone DMA: 96 pages in unavailable ranges
Mar 02 20:51:56 erokez-msi kernel: On node 0, zone DMA32: 25987 pages in unavailable ranges
Mar 02 20:51:56 erokez-msi kernel: On node 0, zone Normal: 16640 pages in unavailable ranges
Mar 02 20:51:56 erokez-msi kernel: On node 0, zone Normal: 1024 pages in unavailable ranges
Mar 02 20:51:56 erokez-msi kernel: Reserving Intel graphics memory at [mem 0x7c800000-0x803fffff]
Mar 02 20:51:56 erokez-msi kernel: ACPI: PM-Timer IO Port: 0x1808
Mar 02 20:51:56 erokez-msi kernel: ACPI: LAPIC_NMI (acpi_id[0x01] high edge lint[0x1])
Mar 02 20:51:56 erokez-msi kernel: ACPI: LAPIC_NMI (acpi_id[0x02] high edge lint[0x1])
Mar 02 20:51:56 erokez-msi kernel: ACPI: LAPIC_NMI (acpi_id[0x03] high edge lint[0x1])
Mar 02 20:51:56 erokez-msi kernel: ACPI: LAPIC_NMI (acpi_id[0x04] high edge lint[0x1])
Mar 02 20:51:56 erokez-msi kernel: ACPI: LAPIC_NMI (acpi_id[0x05] high edge lint[0x1])
Mar 02 20:51:56 erokez-msi kernel: ACPI: LAPIC_NMI (acpi_id[0x06] high edge lint[0x1])
Mar 02 20:51:56 erokez-msi kernel: ACPI: LAPIC_NMI (acpi_id[0x07] high edge lint[0x1])
Mar 02 20:51:56 erokez-msi kernel: ACPI: LAPIC_NMI (acpi_id[0x08] high edge lint[0x1])
Mar 02 20:51:56 erokez-msi kernel: ACPI: LAPIC_NMI (acpi_id[0x09] high edge lint[0x1])
Mar 02 20:51:56 erokez-msi kernel: ACPI: LAPIC_NMI (acpi_id[0x0a] high edge lint[0x1])
Mar 02 20:51:56 erokez-msi kernel: ACPI: LAPIC_NMI (acpi_id[0x0b] high edge lint[0x1])
Mar 02 20:51:56 erokez-msi kernel: ACPI: LAPIC_NMI (acpi_id[0x0c] high edge lint[0x1])
Mar 02 20:51:56 erokez-msi kernel: ACPI: LAPIC_NMI (acpi_id[0x0d] high edge lint[0x1])
Mar 02 20:51:56 erokez-msi kernel: ACPI: LAPIC_NMI (acpi_id[0x0e] high edge lint[0x1])
Mar 02 20:51:56 erokez-msi kernel: ACPI: LAPIC_NMI (acpi_id[0x0f] high edge lint[0x1])
Mar 02 20:51:56 erokez-msi kernel: ACPI: LAPIC_NMI (acpi_id[0x10] high edge lint[0x1])
Mar 02 20:51:56 erokez-msi kernel: ACPI: LAPIC_NMI (acpi_id[0x11] high edge lint[0x1])
Mar 02 20:51:56 erokez-msi kernel: ACPI: LAPIC_NMI (acpi_id[0x12] high edge lint[0x1])
Mar 02 20:51:56 erokez-msi kernel: ACPI: LAPIC_NMI (acpi_id[0x13] high edge lint[0x1])
Mar 02 20:51:56 erokez-msi kernel: ACPI: LAPIC_NMI (acpi_id[0x14] high edge lint[0x1])
Mar 02 20:51:56 erokez-msi kernel: ACPI: LAPIC_NMI (acpi_id[0x15] high edge lint[0x1])
Mar 02 20:51:56 erokez-msi kernel: ACPI: LAPIC_NMI (acpi_id[0x16] high edge lint[0x1])
Mar 02 20:51:56 erokez-msi kernel: ACPI: LAPIC_NMI (acpi_id[0x17] high edge lint[0x1])
Mar 02 20:51:56 erokez-msi kernel: ACPI: LAPIC_NMI (acpi_id[0x00] high edge lint[0x1])
Mar 02 20:51:56 erokez-msi kernel: IOAPIC[0]: apic_id 2, version 32, address 0xfec00000, GSI 0-119
Mar 02 20:51:56 erokez-msi kernel: ACPI: INT_SRC_OVR (bus 0 bus_irq 0 global_irq 2 dfl dfl)
Mar 02 20:51:56 erokez-msi kernel: ACPI: INT_SRC_OVR (bus 0 bus_irq 9 global_irq 9 high level)
Mar 02 20:51:56 erokez-msi kernel: ACPI: Using ACPI (MADT) for SMP configuration information
Mar 02 20:51:56 erokez-msi kernel: ACPI: HPET id: 0x8086a201 base: 0xfed00000
Mar 02 20:51:56 erokez-msi kernel: e820: update [mem 0x64677000-0x6476afff] usable ==> reserved
Mar 02 20:51:56 erokez-msi kernel: TSC deadline timer available
Mar 02 20:51:56 erokez-msi kernel: CPU topo: Max. logical packages:   1
Mar 02 20:51:56 erokez-msi kernel: CPU topo: Max. logical dies:       1
Mar 02 20:51:56 erokez-msi kernel: CPU topo: Max. dies per package:   1
Mar 02 20:51:56 erokez-msi kernel: CPU topo: Max. threads per core:   2
Mar 02 20:51:56 erokez-msi kernel: CPU topo: Num. cores per package:     8
Mar 02 20:51:56 erokez-msi kernel: CPU topo: Num. threads per package:  12
Mar 02 20:51:56 erokez-msi kernel: CPU topo: Allowing 12 present CPUs plus 0 hotplug CPUs
Mar 02 20:51:56 erokez-msi kernel: PM: hibernation: Registered nosave memory: [mem 0x00000000-0x00000fff]
Mar 02 20:51:56 erokez-msi kernel: PM: hibernation: Registered nosave memory: [mem 0x0009e000-0x0009efff]
Mar 02 20:51:56 erokez-msi kernel: PM: hibernation: Registered nosave memory: [mem 0x000a0000-0x000fffff]
Mar 02 20:51:56 erokez-msi kernel: PM: hibernation: Registered nosave memory: [mem 0x64677000-0x6476afff]
Mar 02 20:51:56 erokez-msi kernel: PM: hibernation: Registered nosave memory: [mem 0x66c66000-0x66c66fff]
Mar 02 20:51:56 erokez-msi kernel: PM: hibernation: Registered nosave memory: [mem 0x6d97c000-0x73efefff]
Mar 02 20:51:56 erokez-msi kernel: PM: hibernation: Registered nosave memory: [mem 0x73f00000-0xffffffff]
Mar 02 20:51:56 erokez-msi kernel: [mem 0x80400000-0xfdffffff] available for PCI devices
Mar 02 20:51:56 erokez-msi kernel: Booting paravirtualized kernel on bare hardware
Mar 02 20:51:56 erokez-msi kernel: clocksource: refined-jiffies: mask: 0xffffffff max_cycles: 0xffffffff, max_idle_ns: 6370452778343963 ns
Mar 02 20:51:56 erokez-msi kernel: setup_percpu: NR_CPUS:8192 nr_cpumask_bits:12 nr_cpu_ids:12 nr_node_ids:1
Mar 02 20:51:56 erokez-msi kernel: percpu: Embedded 67 pages/cpu s237568 r8192 d28672 u524288
Mar 02 20:51:56 erokez-msi kernel: pcpu-alloc: s237568 r8192 d28672 u524288 alloc=1*2097152
Mar 02 20:51:56 erokez-msi kernel: pcpu-alloc: [0] 00 01 02 03 [0] 04 05 06 07 
Mar 02 20:51:56 erokez-msi kernel: pcpu-alloc: [0] 08 09 10 11 
Mar 02 20:51:56 erokez-msi kernel: Kernel command line: BOOT_IMAGE=/@/boot/vmlinuz-6.12-x86_64 root=UUID=9588d3dc-8304-4c3c-918c-a6acfbb3c59e rw rootflags=subvol=@ split_lock_detect=off zswap.enabled=0 quiet splash intel_idle.max_cstate=1 processor.max_cstate=1 apparmor=1 security=apparmor udev.log_priority=3 i915.enable_psr=0 nvidia_drm.modeset=1
Mar 02 20:51:56 erokez-msi kernel: Unknown kernel command line parameters "splash split_lock_detect=off", will be passed to user space.
Mar 02 20:51:56 erokez-msi kernel: Dentry cache hash table entries: 4194304 (order: 13, 33554432 bytes, linear)
Mar 02 20:51:56 erokez-msi kernel: Inode-cache hash table entries: 2097152 (order: 12, 16777216 bytes, linear)
Mar 02 20:51:56 erokez-msi kernel: Fallback order for Node 0: 0 
Mar 02 20:51:56 erokez-msi kernel: Built 1 zonelists, mobility grouping on.  Total pages: 8312091
Mar 02 20:51:56 erokez-msi kernel: Policy zone: Normal
Mar 02 20:51:56 erokez-msi kernel: mem auto-init: stack:all(zero), heap alloc:on, heap free:off
Mar 02 20:51:56 erokez-msi kernel: software IO TLB: area num 16.
Mar 02 20:51:56 erokez-msi kernel: SLUB: HWalign=64, Order=0-3, MinObjects=0, CPUs=12, Nodes=1
Mar 02 20:51:56 erokez-msi kernel: ftrace: allocating 51491 entries in 202 pages
Mar 02 20:51:56 erokez-msi kernel: ftrace: allocated 202 pages with 4 groups
Mar 02 20:51:56 erokez-msi kernel: Dynamic Preempt: full
Mar 02 20:51:56 erokez-msi kernel: rcu: Preemptible hierarchical RCU implementation.
Mar 02 20:51:56 erokez-msi kernel: rcu:         RCU restricting CPUs from NR_CPUS=8192 to nr_cpu_ids=12.
Mar 02 20:51:56 erokez-msi kernel: rcu:         RCU priority boosting: priority 1 delay 500 ms.
Mar 02 20:51:56 erokez-msi kernel:         Trampoline variant of Tasks RCU enabled.
Mar 02 20:51:56 erokez-msi kernel:         Rude variant of Tasks RCU enabled.
Mar 02 20:51:56 erokez-msi kernel:         Tracing variant of Tasks RCU enabled.
Mar 02 20:51:56 erokez-msi kernel: rcu: RCU calculated value of scheduler-enlistment delay is 30 jiffies.
Mar 02 20:51:56 erokez-msi kernel: rcu: Adjusting geometry for rcu_fanout_leaf=16, nr_cpu_ids=12
Mar 02 20:51:56 erokez-msi kernel: RCU Tasks: Setting shift to 4 and lim to 1 rcu_task_cb_adjust=1 rcu_task_cpu_ids=12.
Mar 02 20:51:56 erokez-msi kernel: RCU Tasks Rude: Setting shift to 4 and lim to 1 rcu_task_cb_adjust=1 rcu_task_cpu_ids=12.
Mar 02 20:51:56 erokez-msi kernel: RCU Tasks Trace: Setting shift to 4 and lim to 1 rcu_task_cb_adjust=1 rcu_task_cpu_ids=12.
Mar 02 20:51:56 erokez-msi kernel: NR_IRQS: 524544, nr_irqs: 2152, preallocated irqs: 16
Mar 02 20:51:56 erokez-msi kernel: rcu: srcu_init: Setting srcu_struct sizes based on contention.
Mar 02 20:51:56 erokez-msi kernel: kfence: initialized - using 2097152 bytes for 255 objects at 0x(____ptrval____)-0x(____ptrval____)
Mar 02 20:51:56 erokez-msi kernel: Console: colour dummy device 80x25
Mar 02 20:51:56 erokez-msi kernel: printk: legacy console [tty0] enabled
Mar 02 20:51:56 erokez-msi kernel: ACPI: Core revision 20240827
Mar 02 20:51:56 erokez-msi kernel: hpet: HPET dysfunctional in PC10. Force disabled.
Mar 02 20:51:56 erokez-msi kernel: APIC: Switch to symmetric I/O mode setup
Mar 02 20:51:56 erokez-msi kernel: DMAR: Host address width 39
Mar 02 20:51:56 erokez-msi kernel: DMAR: DRHD base: 0x000000fed90000 flags: 0x0
Mar 02 20:51:56 erokez-msi kernel: DMAR: dmar0: reg_base_addr fed90000 ver 4:0 cap 1c0000c40660462 ecap 29a00f0505e
Mar 02 20:51:56 erokez-msi kernel: DMAR: DRHD base: 0x000000fed91000 flags: 0x1
Mar 02 20:51:56 erokez-msi kernel: DMAR: dmar1: reg_base_addr fed91000 ver 5:0 cap d2008c40660462 ecap f050da
Mar 02 20:51:56 erokez-msi kernel: DMAR: RMRR base: 0x0000007c000000 end: 0x000000803fffff
Mar 02 20:51:56 erokez-msi kernel: DMAR-IR: IOAPIC id 2 under DRHD base  0xfed91000 IOMMU 1
Mar 02 20:51:56 erokez-msi kernel: DMAR-IR: HPET id 0 under DRHD base 0xfed91000
Mar 02 20:51:56 erokez-msi kernel: DMAR-IR: Queued invalidation will be enabled to support x2apic and Intr-remapping.
Mar 02 20:51:56 erokez-msi kernel: DMAR-IR: Enabled IRQ remapping in x2apic mode
Mar 02 20:51:56 erokez-msi kernel: x2apic enabled
Mar 02 20:51:56 erokez-msi kernel: APIC: Switched APIC routing to: cluster x2apic
Mar 02 20:51:56 erokez-msi kernel: clocksource: tsc-early: mask: 0xffffffffffffffff max_cycles: 0x100d48ce7a0, max_idle_ns: 440795212195 ns
Mar 02 20:51:56 erokez-msi kernel: Calibrating delay loop (skipped), value calculated using timer frequency.. 2228.00 BogoMIPS (lpj=3712000)
Mar 02 20:51:56 erokez-msi kernel: CPU0: Thermal monitoring enabled (TM1)
Mar 02 20:51:56 erokez-msi kernel: x86/cpu: User Mode Instruction Prevention (UMIP) activated
Mar 02 20:51:56 erokez-msi kernel: CET detected: Indirect Branch Tracking enabled
Mar 02 20:51:56 erokez-msi kernel: Last level iTLB entries: 4KB 0, 2MB 0, 4MB 0
Mar 02 20:51:56 erokez-msi kernel: Last level dTLB entries: 4KB 0, 2MB 0, 4MB 0, 1GB 0
Mar 02 20:51:56 erokez-msi kernel: process: using mwait in idle threads
Mar 02 20:51:56 erokez-msi kernel: Spectre V1 : Mitigation: usercopy/swapgs barriers and __user pointer sanitization
Mar 02 20:51:56 erokez-msi kernel: Spectre V2 : Mitigation: Enhanced / Automatic IBRS
Mar 02 20:51:56 erokez-msi kernel: Spectre V2 : Spectre v2 / PBRSB-eIBRS: Retire a single CALL on VMEXIT
Mar 02 20:51:56 erokez-msi kernel: Spectre V2 : mitigation: Enabling conditional Indirect Branch Prediction Barrier
Mar 02 20:51:56 erokez-msi kernel: Speculative Store Bypass: Mitigation: Speculative Store Bypass disabled via prctl
Mar 02 20:51:56 erokez-msi kernel: Register File Data Sampling: Mitigation: Clear Register File
Mar 02 20:51:56 erokez-msi kernel: VMSCAPE: Mitigation: IBPB before exit to userspace
Mar 02 20:51:56 erokez-msi kernel: x86/fpu: Supporting XSAVE feature 0x001: 'x87 floating point registers'
Mar 02 20:51:56 erokez-msi kernel: x86/fpu: Supporting XSAVE feature 0x002: 'SSE registers'
Mar 02 20:51:56 erokez-msi kernel: x86/fpu: Supporting XSAVE feature 0x004: 'AVX registers'
Mar 02 20:51:56 erokez-msi kernel: x86/fpu: Supporting XSAVE feature 0x200: 'Protection Keys User registers'
Mar 02 20:51:56 erokez-msi kernel: x86/fpu: Supporting XSAVE feature 0x800: 'Control-flow User registers'
Mar 02 20:51:56 erokez-msi kernel: x86/fpu: xstate_offset[2]:  576, xstate_sizes[2]:  256
Mar 02 20:51:56 erokez-msi kernel: x86/fpu: xstate_offset[9]:  832, xstate_sizes[9]:    8
Mar 02 20:51:56 erokez-msi kernel: x86/fpu: xstate_offset[11]:  840, xstate_sizes[11]:   16
Mar 02 20:51:56 erokez-msi kernel: x86/fpu: Enabled xstate features 0xa07, context size is 856 bytes, using 'compacted' format.
Mar 02 20:51:56 erokez-msi kernel: Freeing SMP alternatives memory: 44K
Mar 02 20:51:56 erokez-msi kernel: pid_max: default: 32768 minimum: 301
Mar 02 20:51:56 erokez-msi kernel: LSM: initializing lsm=capability,landlock,lockdown,yama,bpf,apparmor
Mar 02 20:51:56 erokez-msi kernel: landlock: Up and running.
Mar 02 20:51:56 erokez-msi kernel: Yama: becoming mindful.
Mar 02 20:51:56 erokez-msi kernel: LSM support for eBPF active
Mar 02 20:51:56 erokez-msi kernel: AppArmor: AppArmor initialized
Mar 02 20:51:56 erokez-msi kernel: Mount-cache hash table entries: 65536 (order: 7, 524288 bytes, linear)
Mar 02 20:51:56 erokez-msi kernel: Mountpoint-cache hash table entries: 65536 (order: 7, 524288 bytes, linear)
Mar 02 20:51:56 erokez-msi kernel: smpboot: CPU0: 12th Gen Intel(R) Core(TM) i5-12450H (family: 0x6, model: 0x9a, stepping: 0x3)
Mar 02 20:51:56 erokez-msi kernel: Performance Events: XSAVE Architectural LBR, PEBS fmt4+-baseline,  AnyThread deprecated, Alderlake Hybrid events, 32-deep LBR, full-width counters, Intel PMU driver.
Mar 02 20:51:56 erokez-msi kernel: core: cpu_core PMU driver: 
Mar 02 20:51:56 erokez-msi kernel: ... version:                5
Mar 02 20:51:56 erokez-msi kernel: ... bit width:              48
Mar 02 20:51:56 erokez-msi kernel: ... generic registers:      8
Mar 02 20:51:56 erokez-msi kernel: ... value mask:             0000ffffffffffff
Mar 02 20:51:56 erokez-msi kernel: ... max period:             00007fffffffffff
Mar 02 20:51:56 erokez-msi kernel: ... fixed-purpose events:   4
Mar 02 20:51:56 erokez-msi kernel: ... event mask:             0001000f000000ff
Mar 02 20:51:56 erokez-msi kernel: signal: max sigframe size: 3632
Mar 02 20:51:56 erokez-msi kernel: Estimated ratio of average max frequency by base frequency (times 1024): 3816
Mar 02 20:51:56 erokez-msi kernel: rcu: Hierarchical SRCU implementation.
Mar 02 20:51:56 erokez-msi kernel: rcu:         Max phase no-delay instances is 1000.
Mar 02 20:51:56 erokez-msi kernel: Timer migration: 2 hierarchy levels; 8 children per group; 2 crossnode level
Mar 02 20:51:56 erokez-msi kernel: NMI watchdog: Enabled. Permanently consumes one hw-PMU counter.
Mar 02 20:51:56 erokez-msi kernel: smp: Bringing up secondary CPUs ...
Mar 02 20:51:56 erokez-msi kernel: smpboot: x86: Booting SMP configuration:
Mar 02 20:51:56 erokez-msi kernel: .... node  #0, CPUs:        #2  #4  #6  #8  #9 #10 #11
Mar 02 20:51:56 erokez-msi kernel: [Firmware Bug]: CPU8: Topology domain 1 shift 7 != 6
Mar 02 20:51:56 erokez-msi kernel: [Firmware Bug]: CPU8: Topology domain 2 shift 7 != 6
Mar 02 20:51:56 erokez-msi kernel: [Firmware Bug]: CPU8: Topology domain 3 shift 7 != 6
Mar 02 20:51:56 erokez-msi kernel: [Firmware Bug]: CPU8: Topology domain 4 shift 7 != 6
Mar 02 20:51:56 erokez-msi kernel: [Firmware Bug]: CPU8: Topology domain 5 shift 7 != 6
Mar 02 20:51:56 erokez-msi kernel: [Firmware Bug]: CPU8: Topology domain 6 shift 7 != 6
Mar 02 20:51:56 erokez-msi kernel: core: cpu_atom PMU driver: 
Mar 02 20:51:56 erokez-msi kernel: ... version:                5
Mar 02 20:51:56 erokez-msi kernel: ... bit width:              48
Mar 02 20:51:56 erokez-msi kernel: ... generic registers:      6
Mar 02 20:51:56 erokez-msi kernel: ... value mask:             0000ffffffffffff
Mar 02 20:51:56 erokez-msi kernel: ... max period:             00007fffffffffff
Mar 02 20:51:56 erokez-msi kernel: ... fixed-purpose events:   3
Mar 02 20:51:56 erokez-msi kernel: ... event mask:             000000070000003f
Mar 02 20:51:56 erokez-msi kernel: [Firmware Bug]: CPU9: Topology domain 1 shift 7 != 6
Mar 02 20:51:56 erokez-msi kernel: [Firmware Bug]: CPU9: Topology domain 2 shift 7 != 6
Mar 02 20:51:56 erokez-msi kernel: [Firmware Bug]: CPU9: Topology domain 3 shift 7 != 6
Mar 02 20:51:56 erokez-msi kernel: [Firmware Bug]: CPU9: Topology domain 4 shift 7 != 6
Mar 02 20:51:56 erokez-msi kernel: [Firmware Bug]: CPU9: Topology domain 5 shift 7 != 6
Mar 02 20:51:56 erokez-msi kernel: [Firmware Bug]: CPU9: Topology domain 6 shift 7 != 6
Mar 02 20:51:56 erokez-msi kernel: [Firmware Bug]: CPU10: Topology domain 1 shift 7 != 6
Mar 02 20:51:56 erokez-msi kernel: [Firmware Bug]: CPU10: Topology domain 2 shift 7 != 6
Mar 02 20:51:56 erokez-msi kernel: [Firmware Bug]: CPU10: Topology domain 3 shift 7 != 6
Mar 02 20:51:56 erokez-msi kernel: [Firmware Bug]: CPU10: Topology domain 4 shift 7 != 6
Mar 02 20:51:56 erokez-msi kernel: [Firmware Bug]: CPU10: Topology domain 5 shift 7 != 6
Mar 02 20:51:56 erokez-msi kernel: [Firmware Bug]: CPU10: Topology domain 6 shift 7 != 6
Mar 02 20:51:56 erokez-msi kernel: [Firmware Bug]: CPU11: Topology domain 1 shift 7 != 6
Mar 02 20:51:56 erokez-msi kernel: [Firmware Bug]: CPU11: Topology domain 2 shift 7 != 6
Mar 02 20:51:56 erokez-msi kernel: [Firmware Bug]: CPU11: Topology domain 3 shift 7 != 6
Mar 02 20:51:56 erokez-msi kernel: [Firmware Bug]: CPU11: Topology domain 4 shift 7 != 6
Mar 02 20:51:56 erokez-msi kernel: [Firmware Bug]: CPU11: Topology domain 5 shift 7 != 6
Mar 02 20:51:56 erokez-msi kernel: [Firmware Bug]: CPU11: Topology domain 6 shift 7 != 6
Mar 02 20:51:56 erokez-msi kernel:   #1  #3  #5  #7
Mar 02 20:51:56 erokez-msi kernel: smp: Brought up 1 node, 12 CPUs
Mar 02 20:51:56 erokez-msi kernel: smpboot: Total of 12 processors activated (26737.00 BogoMIPS)
Mar 02 20:51:56 erokez-msi kernel: Memory: 32452336K/33248364K available (18432K kernel code, 2683K rwdata, 14352K rodata, 4292K init, 4248K bss, 772476K reserved, 0K cma-reserved)
Mar 02 20:51:56 erokez-msi kernel: devtmpfs: initialized
Mar 02 20:51:56 erokez-msi kernel: x86/mm: Memory block size: 128MB
Mar 02 20:51:56 erokez-msi kernel: ACPI: PM: Registering ACPI NVS region [mem 0x70b67000-0x70c81fff] (1159168 bytes)
Mar 02 20:51:56 erokez-msi kernel: clocksource: jiffies: mask: 0xffffffff max_cycles: 0xffffffff, max_idle_ns: 6370867519511994 ns
Mar 02 20:51:56 erokez-msi kernel: futex hash table entries: 4096 (order: 6, 262144 bytes, linear)
Mar 02 20:51:56 erokez-msi kernel: pinctrl core: initialized pinctrl subsystem
Mar 02 20:51:56 erokez-msi kernel: PM: RTC time: 17:51:53, date: 2026-03-02
Mar 02 20:51:56 erokez-msi kernel: NET: Registered PF_NETLINK/PF_ROUTE protocol family
Mar 02 20:51:56 erokez-msi kernel: DMA: preallocated 4096 KiB GFP_KERNEL pool for atomic allocations
Mar 02 20:51:56 erokez-msi kernel: DMA: preallocated 4096 KiB GFP_KERNEL|GFP_DMA pool for atomic allocations
Mar 02 20:51:56 erokez-msi kernel: DMA: preallocated 4096 KiB GFP_KERNEL|GFP_DMA32 pool for atomic allocations
Mar 02 20:51:56 erokez-msi kernel: audit: initializing netlink subsys (disabled)
Mar 02 20:51:56 erokez-msi kernel: audit: type=2000 audit(1772473913.019:1): state=initialized audit_enabled=0 res=1
Mar 02 20:51:56 erokez-msi kernel: thermal_sys: Registered thermal governor 'fair_share'
Mar 02 20:51:56 erokez-msi kernel: thermal_sys: Registered thermal governor 'bang_bang'
Mar 02 20:51:56 erokez-msi kernel: thermal_sys: Registered thermal governor 'step_wise'
Mar 02 20:51:56 erokez-msi kernel: thermal_sys: Registered thermal governor 'user_space'
Mar 02 20:51:56 erokez-msi kernel: thermal_sys: Registered thermal governor 'power_allocator'
Mar 02 20:51:56 erokez-msi kernel: cpuidle: using governor ladder
Mar 02 20:51:56 erokez-msi kernel: cpuidle: using governor menu
Mar 02 20:51:56 erokez-msi kernel: ACPI FADT declares the system doesn't support PCIe ASPM, so disable it
Mar 02 20:51:56 erokez-msi kernel: acpiphp: ACPI Hot Plug PCI Controller Driver version: 0.5
Mar 02 20:51:56 erokez-msi kernel: PCI: ECAM [mem 0xc0000000-0xcfffffff] (base 0xc0000000) for domain 0000 [bus 00-ff]
Mar 02 20:51:56 erokez-msi kernel: PCI: Using configuration type 1 for base access
Mar 02 20:51:56 erokez-msi kernel: kprobes: kprobe jump-optimization is enabled. All kprobes are optimized if possible.
Mar 02 20:51:56 erokez-msi kernel: HugeTLB: registered 1.00 GiB page size, pre-allocated 0 pages
Mar 02 20:51:56 erokez-msi kernel: HugeTLB: 16380 KiB vmemmap can be freed for a 1.00 GiB page
Mar 02 20:51:56 erokez-msi kernel: HugeTLB: registered 2.00 MiB page size, pre-allocated 0 pages
Mar 02 20:51:56 erokez-msi kernel: HugeTLB: 28 KiB vmemmap can be freed for a 2.00 MiB page
Mar 02 20:51:56 erokez-msi kernel: ACPI: Added _OSI(Module Device)
Mar 02 20:51:56 erokez-msi kernel: ACPI: Added _OSI(Processor Device)
Mar 02 20:51:56 erokez-msi kernel: ACPI: Added _OSI(Processor Aggregator Device)
Mar 02 20:51:56 erokez-msi kernel: ACPI: 17 ACPI AML tables successfully acquired and loaded
Mar 02 20:51:56 erokez-msi kernel: ACPI: Dynamic OEM Table Load:
Mar 02 20:51:56 erokez-msi kernel: ACPI: SSDT 0xFFFF895B8156B800 000394 (v02 PmRef  Cpu0Cst  00003001 INTL 20200717)
Mar 02 20:51:56 erokez-msi kernel: ACPI: Dynamic OEM Table Load:
Mar 02 20:51:56 erokez-msi kernel: ACPI: SSDT 0xFFFF895B8156B000 00032F (v02 PmRef  Cpu0Ist  00003000 INTL 20200717)
Mar 02 20:51:56 erokez-msi kernel: ACPI: Dynamic OEM Table Load:
Mar 02 20:51:56 erokez-msi kernel: ACPI: SSDT 0xFFFF895B8273B400 0001AB (v02 PmRef  Cpu0Psd  00003000 INTL 20200717)
Mar 02 20:51:56 erokez-msi kernel: ACPI: Dynamic OEM Table Load:
Mar 02 20:51:56 erokez-msi kernel: ACPI: SSDT 0xFFFF895B81566800 000476 (v02 PmRef  Cpu0Hwp  00003000 INTL 20200717)
Mar 02 20:51:56 erokez-msi kernel: ACPI: Dynamic OEM Table Load:
Mar 02 20:51:56 erokez-msi kernel: ACPI: SSDT 0xFFFF895B8155A000 001BAF (v02 PmRef  ApIst    00003000 INTL 20200717)
Mar 02 20:51:56 erokez-msi kernel: ACPI: Dynamic OEM Table Load:
Mar 02 20:51:56 erokez-msi kernel: ACPI: SSDT 0xFFFF895B8155C000 001038 (v02 PmRef  ApHwp    00003000 INTL 20200717)
Mar 02 20:51:56 erokez-msi kernel: ACPI: Dynamic OEM Table Load:
Mar 02 20:51:56 erokez-msi kernel: ACPI: SSDT 0xFFFF895B8155E000 001349 (v02 PmRef  ApPsd    00003000 INTL 20200717)
Mar 02 20:51:56 erokez-msi kernel: ACPI: Dynamic OEM Table Load:
Mar 02 20:51:56 erokez-msi kernel: ACPI: SSDT 0xFFFF895B81571000 000FBB (v02 PmRef  ApCst    00003000 INTL 20200717)
Mar 02 20:51:56 erokez-msi kernel: ACPI: EC: EC started
Mar 02 20:51:56 erokez-msi kernel: ACPI: EC: interrupt blocked
Mar 02 20:51:56 erokez-msi kernel: ACPI: EC: EC_CMD/EC_SC=0x66, EC_DATA=0x62
Mar 02 20:51:56 erokez-msi kernel: ACPI: \_SB_.PC00.LPCB.EC__: Boot DSDT EC used to handle transactions
Mar 02 20:51:56 erokez-msi kernel: ACPI: Interpreter enabled
Mar 02 20:51:56 erokez-msi kernel: ACPI: PM: (supports S0 S3 S4 S5)
Mar 02 20:51:56 erokez-msi kernel: ACPI: Using IOAPIC for interrupt routing
Mar 02 20:51:56 erokez-msi kernel: PCI: Using host bridge windows from ACPI; if necessary, use "pci=nocrs" and report a bug
Mar 02 20:51:56 erokez-msi kernel: PCI: Ignoring E820 reservations for host bridge windows
Mar 02 20:51:56 erokez-msi kernel: ACPI: Enabled 8 GPEs in block 00 to 7F
Mar 02 20:51:56 erokez-msi kernel: ACPI: \_SB_.PC00.PEG1.PXP_: New power resource
Mar 02 20:51:56 erokez-msi kernel: ACPI: \_SB_.PC00.XHCI.RHUB.HS10.BTRT: New power resource
Mar 02 20:51:56 erokez-msi kernel: ACPI: \_SB_.PC00.PAUD: New power resource
Mar 02 20:51:56 erokez-msi kernel: ACPI: \_SB_.PC00.I2C0.PXTC: New power resource
Mar 02 20:51:56 erokez-msi kernel: ACPI: \_SB_.PC00.CNVW.WRST: New power resource
Mar 02 20:51:56 erokez-msi kernel: ACPI: \_SB_.PC00.TBT0: New power resource
Mar 02 20:51:56 erokez-msi kernel: ACPI: \_SB_.PC00.TBT1: New power resource
Mar 02 20:51:56 erokez-msi kernel: ACPI: \PIN_: New power resource
Mar 02 20:51:56 erokez-msi kernel: ACPI: PCI Root Bridge [PC00] (domain 0000 [bus 00-fe])
Mar 02 20:51:56 erokez-msi kernel: acpi PNP0A08:00: _OSC: OS supports [ExtendedConfig ASPM ClockPM Segments MSI EDR HPX-Type3]
Mar 02 20:51:56 erokez-msi kernel: acpi PNP0A08:00: _OSC: platform does not support [AER]
Mar 02 20:51:56 erokez-msi kernel: acpi PNP0A08:00: _OSC: OS now controls [PCIeHotplug SHPCHotplug PME PCIeCapability LTR DPC]
Mar 02 20:51:56 erokez-msi kernel: acpi PNP0A08:00: FADT indicates ASPM is unsupported, using BIOS configuration
Mar 02 20:51:56 erokez-msi kernel: PCI host bridge to bus 0000:00
Mar 02 20:51:56 erokez-msi kernel: pci_bus 0000:00: root bus resource [io  0x0000-0x0cf7 window]
Mar 02 20:51:56 erokez-msi kernel: pci_bus 0000:00: root bus resource [io  0x0d00-0xffff window]
Mar 02 20:51:56 erokez-msi kernel: pci_bus 0000:00: root bus resource [mem 0x000a0000-0x000bffff window]
Mar 02 20:51:56 erokez-msi kernel: pci_bus 0000:00: root bus resource [mem 0x000e0000-0x000fffff window]
Mar 02 20:51:56 erokez-msi kernel: pci_bus 0000:00: root bus resource [mem 0x80400000-0xbfffffff window]
Mar 02 20:51:56 erokez-msi kernel: pci_bus 0000:00: root bus resource [mem 0x4000000000-0x7fffffffff window]
Mar 02 20:51:56 erokez-msi kernel: pci_bus 0000:00: root bus resource [mem 0xfe0b0400-0xfe0b13ff window]
Mar 02 20:51:56 erokez-msi kernel: pci_bus 0000:00: root bus resource [bus 00-fe]
Mar 02 20:51:56 erokez-msi kernel: pci 0000:00:00.0: [8086:4629] type 00 class 0x060000 conventional PCI endpoint
Mar 02 20:51:56 erokez-msi kernel: pci 0000:00:01.0: [8086:460d] type 01 class 0x060400 PCIe Root Port
Mar 02 20:51:56 erokez-msi kernel: pci 0000:00:01.0: PCI bridge to [bus 01]
Mar 02 20:51:56 erokez-msi kernel: pci 0000:00:01.0:   bridge window [io  0x4000-0x4fff]
Mar 02 20:51:56 erokez-msi kernel: pci 0000:00:01.0:   bridge window [mem 0x81000000-0x820fffff]
Mar 02 20:51:56 erokez-msi kernel: pci 0000:00:01.0:   bridge window [mem 0x6000000000-0x6101ffffff 64bit pref]
Mar 02 20:51:56 erokez-msi kernel: pci 0000:00:01.0: PME# supported from D0 D3hot D3cold
Mar 02 20:51:56 erokez-msi kernel: pci 0000:00:01.0: PTM enabled (root), 4ns granularity
Mar 02 20:51:56 erokez-msi kernel: pci 0000:00:02.0: [8086:46a3] type 00 class 0x030000 PCIe Root Complex Integrated Endpoint
Mar 02 20:51:56 erokez-msi kernel: pci 0000:00:02.0: BAR 0 [mem 0x6102000000-0x6102ffffff 64bit]
Mar 02 20:51:56 erokez-msi kernel: pci 0000:00:02.0: BAR 2 [mem 0x4000000000-0x400fffffff 64bit pref]
Mar 02 20:51:56 erokez-msi kernel: pci 0000:00:02.0: BAR 4 [io  0x5000-0x503f]
Mar 02 20:51:56 erokez-msi kernel: pci 0000:00:02.0: DMAR: Skip IOMMU disabling for graphics
Mar 02 20:51:56 erokez-msi kernel: pci 0000:00:02.0: Video device with shadowed ROM at [mem 0x000c0000-0x000dffff]
Mar 02 20:51:56 erokez-msi kernel: pci 0000:00:02.0: VF BAR 0 [mem 0x00000000-0x00ffffff 64bit]
Mar 02 20:51:56 erokez-msi kernel: pci 0000:00:02.0: VF BAR 0 [mem 0x00000000-0x06ffffff 64bit]: contains BAR 0 for 7 VFs
Mar 02 20:51:56 erokez-msi kernel: pci 0000:00:02.0: VF BAR 2 [mem 0x00000000-0x1fffffff 64bit pref]
Mar 02 20:51:56 erokez-msi kernel: pci 0000:00:02.0: VF BAR 2 [mem 0x00000000-0xdfffffff 64bit pref]: contains BAR 2 for 7 VFs
Mar 02 20:51:56 erokez-msi kernel: pci 0000:00:04.0: [8086:461d] type 00 class 0x118000 conventional PCI endpoint
Mar 02 20:51:56 erokez-msi kernel: pci 0000:00:04.0: BAR 0 [mem 0x6103100000-0x610311ffff 64bit]
Mar 02 20:51:56 erokez-msi kernel: pci 0000:00:06.0: [8086:464d] type 01 class 0x060400 PCIe Root Port
Mar 02 20:51:56 erokez-msi kernel: pci 0000:00:06.0: PCI bridge to [bus 02]
Mar 02 20:51:56 erokez-msi kernel: pci 0000:00:06.0: PME# supported from D0 D3hot D3cold
Mar 02 20:51:56 erokez-msi kernel: pci 0000:00:06.0: PTM enabled (root), 4ns granularity
Mar 02 20:51:56 erokez-msi kernel: pci 0000:00:06.2: [8086:463d] type 01 class 0x060400 PCIe Root Port
Mar 02 20:51:56 erokez-msi kernel: pci 0000:00:06.2: PCI bridge to [bus 03]
Mar 02 20:51:56 erokez-msi kernel: pci 0000:00:06.2:   bridge window [mem 0x82200000-0x822fffff]
Mar 02 20:51:56 erokez-msi kernel: pci 0000:00:06.2: PME# supported from D0 D3hot D3cold
Mar 02 20:51:56 erokez-msi kernel: pci 0000:00:06.2: PTM enabled (root), 4ns granularity
Mar 02 20:51:56 erokez-msi kernel: pci 0000:00:08.0: [8086:464f] type 00 class 0x088000 conventional PCI endpoint
Mar 02 20:51:56 erokez-msi kernel: pci 0000:00:08.0: BAR 0 [mem 0x6103150000-0x6103150fff 64bit]
Mar 02 20:51:56 erokez-msi kernel: pci 0000:00:0d.0: [8086:461e] type 00 class 0x0c0330 conventional PCI endpoint
Mar 02 20:51:56 erokez-msi kernel: pci 0000:00:0d.0: BAR 0 [mem 0x6103130000-0x610313ffff 64bit]
Mar 02 20:51:56 erokez-msi kernel: pci 0000:00:0d.0: PME# supported from D3hot D3cold
Mar 02 20:51:56 erokez-msi kernel: pci 0000:00:14.0: [8086:51ed] type 00 class 0x0c0330 conventional PCI endpoint
Mar 02 20:51:56 erokez-msi kernel: pci 0000:00:14.0: BAR 0 [mem 0x6103120000-0x610312ffff 64bit]
Mar 02 20:51:56 erokez-msi kernel: pci 0000:00:14.0: PME# supported from D3hot D3cold
Mar 02 20:51:56 erokez-msi kernel: pci 0000:00:14.2: [8086:51ef] type 00 class 0x050000 conventional PCI endpoint
Mar 02 20:51:56 erokez-msi kernel: pci 0000:00:14.2: BAR 0 [mem 0x6103148000-0x610314bfff 64bit]
Mar 02 20:51:56 erokez-msi kernel: pci 0000:00:14.2: BAR 2 [mem 0x610314f000-0x610314ffff 64bit]
Mar 02 20:51:56 erokez-msi kernel: pci 0000:00:14.3: [8086:51f0] type 00 class 0x028000 PCIe Root Complex Integrated Endpoint
Mar 02 20:51:56 erokez-msi kernel: pci 0000:00:14.3: BAR 0 [mem 0x6103144000-0x6103147fff 64bit]
Mar 02 20:51:56 erokez-msi kernel: pci 0000:00:14.3: PME# supported from D0 D3hot D3cold
Mar 02 20:51:56 erokez-msi kernel: pci 0000:00:15.0: [8086:51e8] type 00 class 0x0c8000 conventional PCI endpoint
Mar 02 20:51:56 erokez-msi kernel: pci 0000:00:15.0: BAR 0 [mem 0x00000000-0x00000fff 64bit]
Mar 02 20:51:56 erokez-msi kernel: pci 0000:00:16.0: [8086:51e0] type 00 class 0x078000 conventional PCI endpoint
Mar 02 20:51:56 erokez-msi kernel: pci 0000:00:16.0: BAR 0 [mem 0x610314d000-0x610314dfff 64bit]
Mar 02 20:51:56 erokez-msi kernel: pci 0000:00:16.0: PME# supported from D3hot
Mar 02 20:51:56 erokez-msi kernel: pci 0000:00:17.0: [8086:51d3] type 00 class 0x010601 conventional PCI endpoint
Mar 02 20:51:56 erokez-msi kernel: pci 0000:00:17.0: BAR 0 [mem 0x82300000-0x82301fff]
Mar 02 20:51:56 erokez-msi kernel: pci 0000:00:17.0: BAR 1 [mem 0x82303000-0x823030ff]
Mar 02 20:51:56 erokez-msi kernel: pci 0000:00:17.0: BAR 2 [io  0x5090-0x5097]
Mar 02 20:51:56 erokez-msi kernel: pci 0000:00:17.0: BAR 3 [io  0x5080-0x5083]
Mar 02 20:51:56 erokez-msi kernel: pci 0000:00:17.0: BAR 4 [io  0x5060-0x507f]
Mar 02 20:51:56 erokez-msi kernel: pci 0000:00:17.0: BAR 5 [mem 0x82302000-0x823027ff]
Mar 02 20:51:56 erokez-msi kernel: pci 0000:00:17.0: PME# supported from D3hot
Mar 02 20:51:56 erokez-msi kernel: pci 0000:00:1c.0: [8086:51bd] type 01 class 0x060400 PCIe Root Port
Mar 02 20:51:56 erokez-msi kernel: pci 0000:00:1c.0: PCI bridge to [bus 04]
Mar 02 20:51:56 erokez-msi kernel: pci 0000:00:1c.0:   bridge window [io  0x3000-0x3fff]
Mar 02 20:51:56 erokez-msi kernel: pci 0000:00:1c.0:   bridge window [mem 0x82100000-0x821fffff]
Mar 02 20:51:56 erokez-msi kernel: pci 0000:00:1c.0: PME# supported from D0 D3hot D3cold
Mar 02 20:51:56 erokez-msi kernel: pci 0000:00:1c.0: PTM enabled (root), 4ns granularity
Mar 02 20:51:56 erokez-msi kernel: pci 0000:00:1f.0: [8086:5182] type 00 class 0x060100 conventional PCI endpoint
Mar 02 20:51:56 erokez-msi kernel: pci 0000:00:1f.3: [8086:51c8] type 00 class 0x040100 conventional PCI endpoint
Mar 02 20:51:56 erokez-msi kernel: pci 0000:00:1f.3: BAR 0 [mem 0x6103140000-0x6103143fff 64bit]
Mar 02 20:51:56 erokez-msi kernel: pci 0000:00:1f.3: BAR 4 [mem 0x6103000000-0x61030fffff 64bit]
Mar 02 20:51:56 erokez-msi kernel: pci 0000:00:1f.3: PME# supported from D3hot D3cold
Mar 02 20:51:56 erokez-msi kernel: pci 0000:00:1f.4: [8086:51a3] type 00 class 0x0c0500 conventional PCI endpoint
Mar 02 20:51:56 erokez-msi kernel: pci 0000:00:1f.4: BAR 0 [mem 0x610314c000-0x610314c0ff 64bit]
Mar 02 20:51:56 erokez-msi kernel: pci 0000:00:1f.4: BAR 4 [io  0xefa0-0xefbf]
Mar 02 20:51:56 erokez-msi kernel: pci 0000:00:1f.5: [8086:51a4] type 00 class 0x0c8000 conventional PCI endpoint
Mar 02 20:51:56 erokez-msi kernel: pci 0000:00:1f.5: BAR 0 [mem 0xfe010000-0xfe010fff]
Mar 02 20:51:56 erokez-msi kernel: pci 0000:01:00.0: [10de:25a2] type 00 class 0x030200 PCIe Endpoint
Mar 02 20:51:56 erokez-msi kernel: pci 0000:01:00.0: BAR 0 [mem 0x81000000-0x81ffffff]
Mar 02 20:51:56 erokez-msi kernel: pci 0000:01:00.0: BAR 1 [mem 0x6000000000-0x60ffffffff 64bit pref]
Mar 02 20:51:56 erokez-msi kernel: pci 0000:01:00.0: BAR 3 [mem 0x6100000000-0x6101ffffff 64bit pref]
Mar 02 20:51:56 erokez-msi kernel: pci 0000:01:00.0: BAR 5 [io  0x4000-0x407f]
Mar 02 20:51:56 erokez-msi kernel: pci 0000:01:00.0: ROM [mem 0x82000000-0x8207ffff pref]
Mar 02 20:51:56 erokez-msi kernel: pci 0000:01:00.0: PME# supported from D0 D3hot
Mar 02 20:51:56 erokez-msi kernel: pci 0000:01:00.0: 126.024 Gb/s available PCIe bandwidth, limited by 16.0 GT/s PCIe x8 link at 0000:00:01.0 (capable of 252.048 Gb/s with 16.0 GT/s PCIe x16 link)
Mar 02 20:51:56 erokez-msi kernel: pci 0000:00:01.0: PCI bridge to [bus 01]
Mar 02 20:51:56 erokez-msi kernel: pci 0000:00:06.0: PCI bridge to [bus 02]
Mar 02 20:51:56 erokez-msi kernel: pci 0000:03:00.0: [144d:a80b] type 00 class 0x010802 PCIe Endpoint
Mar 02 20:51:56 erokez-msi kernel: pci 0000:03:00.0: BAR 0 [mem 0x82200000-0x82203fff 64bit]
Mar 02 20:51:56 erokez-msi kernel: pci 0000:03:00.0: PME# supported from D0 D3hot
Mar 02 20:51:56 erokez-msi kernel: pci 0000:00:06.2: PCI bridge to [bus 03]
Mar 02 20:51:56 erokez-msi kernel: pci 0000:04:00.0: [10ec:8168] type 00 class 0x020000 PCIe Endpoint
Mar 02 20:51:56 erokez-msi kernel: pci 0000:04:00.0: BAR 0 [io  0x3000-0x30ff]
Mar 02 20:51:56 erokez-msi kernel: pci 0000:04:00.0: BAR 2 [mem 0x82104000-0x82104fff 64bit]
Mar 02 20:51:56 erokez-msi kernel: pci 0000:04:00.0: BAR 4 [mem 0x82100000-0x82103fff 64bit]
Mar 02 20:51:56 erokez-msi kernel: pci 0000:04:00.0: supports D1 D2
Mar 02 20:51:56 erokez-msi kernel: pci 0000:04:00.0: PME# supported from D0 D1 D2 D3hot D3cold
Mar 02 20:51:56 erokez-msi kernel: pci 0000:00:1c.0: PCI bridge to [bus 04]
Mar 02 20:51:56 erokez-msi kernel: ACPI: PCI: Interrupt link LNKA configured for IRQ 0
Mar 02 20:51:56 erokez-msi kernel: ACPI: PCI: Interrupt link LNKB configured for IRQ 1
Mar 02 20:51:56 erokez-msi kernel: ACPI: PCI: Interrupt link LNKC configured for IRQ 0
Mar 02 20:51:56 erokez-msi kernel: ACPI: PCI: Interrupt link LNKD configured for IRQ 0
Mar 02 20:51:56 erokez-msi kernel: ACPI: PCI: Interrupt link LNKE configured for IRQ 0
Mar 02 20:51:56 erokez-msi kernel: ACPI: PCI: Interrupt link LNKF configured for IRQ 0
Mar 02 20:51:56 erokez-msi kernel: ACPI: PCI: Interrupt link LNKG configured for IRQ 0
Mar 02 20:51:56 erokez-msi kernel: ACPI: PCI: Interrupt link LNKH configured for IRQ 0
Mar 02 20:51:56 erokez-msi kernel: Low-power S0 idle used by default for system suspend
Mar 02 20:51:56 erokez-msi kernel: ACPI: EC: interrupt unblocked
Mar 02 20:51:56 erokez-msi kernel: ACPI: EC: event unblocked
Mar 02 20:51:56 erokez-msi kernel: ACPI: EC: EC_CMD/EC_SC=0x66, EC_DATA=0x62
Mar 02 20:51:56 erokez-msi kernel: ACPI: EC: GPE=0x6e
Mar 02 20:51:56 erokez-msi kernel: ACPI: \_SB_.PC00.LPCB.EC__: Boot DSDT EC initialization complete
Mar 02 20:51:56 erokez-msi kernel: ACPI: \_SB_.PC00.LPCB.EC__: EC: Used to handle transactions and events
Mar 02 20:51:56 erokez-msi kernel: iommu: Default domain type: Translated
Mar 02 20:51:56 erokez-msi kernel: iommu: DMA domain TLB invalidation policy: lazy mode
Mar 02 20:51:56 erokez-msi kernel: SCSI subsystem initialized
Mar 02 20:51:56 erokez-msi kernel: libata version 3.00 loaded.
Mar 02 20:51:56 erokez-msi kernel: ACPI: bus type USB registered
Mar 02 20:51:56 erokez-msi kernel: usbcore: registered new interface driver usbfs
Mar 02 20:51:56 erokez-msi kernel: usbcore: registered new interface driver hub
Mar 02 20:51:56 erokez-msi kernel: usbcore: registered new device driver usb
Mar 02 20:51:56 erokez-msi kernel: EDAC MC: Ver: 3.0.0
Mar 02 20:51:56 erokez-msi kernel: efivars: Registered efivars operations
Mar 02 20:51:56 erokez-msi kernel: NetLabel: Initializing
Mar 02 20:51:56 erokez-msi kernel: NetLabel:  domain hash size = 128
Mar 02 20:51:56 erokez-msi kernel: NetLabel:  protocols = UNLABELED CIPSOv4 CALIPSO
Mar 02 20:51:56 erokez-msi kernel: NetLabel:  unlabeled traffic allowed by default
Mar 02 20:51:56 erokez-msi kernel: mctp: management component transport protocol core
Mar 02 20:51:56 erokez-msi kernel: NET: Registered PF_MCTP protocol family
Mar 02 20:51:56 erokez-msi kernel: PCI: Using ACPI for IRQ routing
Mar 02 20:51:56 erokez-msi kernel: PCI: pci_cache_line_size set to 64 bytes
Mar 02 20:51:56 erokez-msi kernel: pci 0000:00:1f.5: BAR 0 [mem 0xfe010000-0xfe010fff]: can't claim; no compatible bridge window
Mar 02 20:51:56 erokez-msi kernel: e820: reserve RAM buffer [mem 0x0009e000-0x0009ffff]
Mar 02 20:51:56 erokez-msi kernel: e820: reserve RAM buffer [mem 0x64677000-0x67ffffff]
Mar 02 20:51:56 erokez-msi kernel: e820: reserve RAM buffer [mem 0x6476c018-0x67ffffff]
Mar 02 20:51:56 erokez-msi kernel: e820: reserve RAM buffer [mem 0x66c66000-0x67ffffff]
Mar 02 20:51:56 erokez-msi kernel: e820: reserve RAM buffer [mem 0x6d97c000-0x6fffffff]
Mar 02 20:51:56 erokez-msi kernel: e820: reserve RAM buffer [mem 0x73f00000-0x73ffffff]
Mar 02 20:51:56 erokez-msi kernel: e820: reserve RAM buffer [mem 0x87fc00000-0x87fffffff]
Mar 02 20:51:56 erokez-msi kernel: pci 0000:00:02.0: vgaarb: setting as boot VGA device
Mar 02 20:51:56 erokez-msi kernel: pci 0000:00:02.0: vgaarb: bridge control possible
Mar 02 20:51:56 erokez-msi kernel: pci 0000:00:02.0: vgaarb: VGA device added: decodes=io+mem,owns=io+mem,locks=none
Mar 02 20:51:56 erokez-msi kernel: vgaarb: loaded
Mar 02 20:51:56 erokez-msi kernel: clocksource: Switched to clocksource tsc-early
Mar 02 20:51:56 erokez-msi kernel: VFS: Disk quotas dquot_6.6.0
Mar 02 20:51:56 erokez-msi kernel: VFS: Dquot-cache hash table entries: 512 (order 0, 4096 bytes)
Mar 02 20:51:56 erokez-msi kernel: AppArmor: AppArmor Filesystem Enabled
Mar 02 20:51:56 erokez-msi kernel: pnp: PnP ACPI init
Mar 02 20:51:56 erokez-msi kernel: system 00:02: [io  0x0680-0x069f] has been reserved
Mar 02 20:51:56 erokez-msi kernel: system 00:02: [io  0x164e-0x164f] has been reserved
Mar 02 20:51:56 erokez-msi kernel: pnp 00:03: disabling [mem 0xc0000000-0xcfffffff] because it overlaps 0000:00:02.0 BAR 9 [mem 0x00000000-0xdfffffff 64bit pref]
Mar 02 20:51:56 erokez-msi kernel: system 00:03: [mem 0xfedc0000-0xfedc7fff] has been reserved
Mar 02 20:51:56 erokez-msi kernel: system 00:03: [mem 0xfeda0000-0xfeda0fff] has been reserved
Mar 02 20:51:56 erokez-msi kernel: system 00:03: [mem 0xfeda1000-0xfeda1fff] has been reserved
Mar 02 20:51:56 erokez-msi kernel: system 00:03: [mem 0xfed20000-0xfed7ffff] could not be reserved
Mar 02 20:51:56 erokez-msi kernel: system 00:03: [mem 0xfed90000-0xfed93fff] could not be reserved
Mar 02 20:51:56 erokez-msi kernel: system 00:03: [mem 0xfed45000-0xfed8ffff] could not be reserved
Mar 02 20:51:56 erokez-msi kernel: system 00:03: [mem 0xfee00000-0xfeefffff] could not be reserved
Mar 02 20:51:56 erokez-msi kernel: system 00:04: [io  0x2000-0x20fe] has been reserved
Mar 02 20:51:56 erokez-msi kernel: pnp: PnP ACPI: found 6 devices
Mar 02 20:51:56 erokez-msi kernel: clocksource: acpi_pm: mask: 0xffffff max_cycles: 0xffffff, max_idle_ns: 2085701024 ns
Mar 02 20:51:56 erokez-msi kernel: NET: Registered PF_INET protocol family
Mar 02 20:51:56 erokez-msi kernel: IP idents hash table entries: 262144 (order: 9, 2097152 bytes, linear)
Mar 02 20:51:56 erokez-msi kernel: tcp_listen_portaddr_hash hash table entries: 16384 (order: 6, 262144 bytes, linear)
Mar 02 20:51:56 erokez-msi kernel: Table-perturb hash table entries: 65536 (order: 6, 262144 bytes, linear)
Mar 02 20:51:56 erokez-msi kernel: TCP established hash table entries: 262144 (order: 9, 2097152 bytes, linear)
Mar 02 20:51:56 erokez-msi kernel: TCP bind hash table entries: 65536 (order: 9, 2097152 bytes, linear)
Mar 02 20:51:56 erokez-msi kernel: TCP: Hash tables configured (established 262144 bind 65536)
Mar 02 20:51:56 erokez-msi kernel: MPTCP token hash table entries: 32768 (order: 8, 786432 bytes, linear)
Mar 02 20:51:56 erokez-msi kernel: UDP hash table entries: 16384 (order: 7, 524288 bytes, linear)
Mar 02 20:51:56 erokez-msi kernel: UDP-Lite hash table entries: 16384 (order: 7, 524288 bytes, linear)
Mar 02 20:51:56 erokez-msi kernel: NET: Registered PF_UNIX/PF_LOCAL protocol family
Mar 02 20:51:56 erokez-msi kernel: NET: Registered PF_XDP protocol family
Mar 02 20:51:56 erokez-msi kernel: pci 0000:00:02.0: VF BAR 2 [mem 0x4020000000-0x40ffffffff 64bit pref]: assigned
Mar 02 20:51:56 erokez-msi kernel: pci 0000:00:02.0: VF BAR 0 [mem 0x4010000000-0x4016ffffff 64bit]: assigned
Mar 02 20:51:56 erokez-msi kernel: pci 0000:00:15.0: BAR 0 [mem 0x4017000000-0x4017000fff 64bit]: assigned
Mar 02 20:51:56 erokez-msi kernel: pci 0000:00:1f.5: BAR 0 [mem 0x80400000-0x80400fff]: assigned
Mar 02 20:51:56 erokez-msi kernel: pci 0000:00:01.0: PCI bridge to [bus 01]
Mar 02 20:51:56 erokez-msi kernel: pci 0000:00:01.0:   bridge window [io  0x4000-0x4fff]
Mar 02 20:51:56 erokez-msi kernel: pci 0000:00:01.0:   bridge window [mem 0x81000000-0x820fffff]
Mar 02 20:51:56 erokez-msi kernel: pci 0000:00:01.0:   bridge window [mem 0x6000000000-0x6101ffffff 64bit pref]
Mar 02 20:51:56 erokez-msi kernel: pci 0000:00:06.0: PCI bridge to [bus 02]
Mar 02 20:51:56 erokez-msi kernel: pci 0000:00:06.2: PCI bridge to [bus 03]
Mar 02 20:51:56 erokez-msi kernel: pci 0000:00:06.2:   bridge window [mem 0x82200000-0x822fffff]
Mar 02 20:51:56 erokez-msi kernel: pci 0000:00:1c.0: PCI bridge to [bus 04]
Mar 02 20:51:56 erokez-msi kernel: pci 0000:00:1c.0:   bridge window [io  0x3000-0x3fff]
Mar 02 20:51:56 erokez-msi kernel: pci 0000:00:1c.0:   bridge window [mem 0x82100000-0x821fffff]
Mar 02 20:51:56 erokez-msi kernel: pci_bus 0000:00: resource 4 [io  0x0000-0x0cf7 window]
Mar 02 20:51:56 erokez-msi kernel: pci_bus 0000:00: resource 5 [io  0x0d00-0xffff window]
Mar 02 20:51:56 erokez-msi kernel: pci_bus 0000:00: resource 6 [mem 0x000a0000-0x000bffff window]
Mar 02 20:51:56 erokez-msi kernel: pci_bus 0000:00: resource 7 [mem 0x000e0000-0x000fffff window]
Mar 02 20:51:56 erokez-msi kernel: pci_bus 0000:00: resource 8 [mem 0x80400000-0xbfffffff window]
Mar 02 20:51:56 erokez-msi kernel: pci_bus 0000:00: resource 9 [mem 0x4000000000-0x7fffffffff window]
Mar 02 20:51:56 erokez-msi kernel: pci_bus 0000:00: resource 10 [mem 0xfe0b0400-0xfe0b13ff window]
Mar 02 20:51:56 erokez-msi kernel: pci_bus 0000:01: resource 0 [io  0x4000-0x4fff]
Mar 02 20:51:56 erokez-msi kernel: pci_bus 0000:01: resource 1 [mem 0x81000000-0x820fffff]
Mar 02 20:51:56 erokez-msi kernel: pci_bus 0000:01: resource 2 [mem 0x6000000000-0x6101ffffff 64bit pref]
Mar 02 20:51:56 erokez-msi kernel: pci_bus 0000:03: resource 1 [mem 0x82200000-0x822fffff]
Mar 02 20:51:56 erokez-msi kernel: pci_bus 0000:04: resource 0 [io  0x3000-0x3fff]
Mar 02 20:51:56 erokez-msi kernel: pci_bus 0000:04: resource 1 [mem 0x82100000-0x821fffff]
Mar 02 20:51:56 erokez-msi kernel: PCI: CLS 64 bytes, default 64
Mar 02 20:51:56 erokez-msi kernel: PCI-DMA: Using software bounce buffering for IO (SWIOTLB)
Mar 02 20:51:56 erokez-msi kernel: software IO TLB: mapped [mem 0x000000005ff1a000-0x0000000063f1a000] (64MB)
Mar 02 20:51:56 erokez-msi kernel: Trying to unpack rootfs image as initramfs...
Mar 02 20:51:56 erokez-msi kernel: clocksource: tsc: mask: 0xffffffffffffffff max_cycles: 0x100d48ce7a0, max_idle_ns: 440795212195 ns
Mar 02 20:51:56 erokez-msi kernel: clocksource: Switched to clocksource tsc
Mar 02 20:51:56 erokez-msi kernel: platform rtc_cmos: registered platform RTC device (no PNP device found)
Mar 02 20:51:56 erokez-msi kernel: Initialise system trusted keyrings
Mar 02 20:51:56 erokez-msi kernel: Key type blacklist registered
Mar 02 20:51:56 erokez-msi kernel: workingset: timestamp_bits=36 max_order=23 bucket_order=0
Mar 02 20:51:56 erokez-msi kernel: fuse: init (API version 7.41)
Mar 02 20:51:56 erokez-msi kernel: integrity: Platform Keyring initialized
Mar 02 20:51:56 erokez-msi kernel: integrity: Machine keyring initialized
Mar 02 20:51:56 erokez-msi kernel: Key type asymmetric registered
Mar 02 20:51:56 erokez-msi kernel: Asymmetric key parser 'x509' registered
Mar 02 20:51:56 erokez-msi kernel: Block layer SCSI generic (bsg) driver version 0.4 loaded (major 246)
Mar 02 20:51:56 erokez-msi kernel: io scheduler mq-deadline registered
Mar 02 20:51:56 erokez-msi kernel: io scheduler kyber registered
Mar 02 20:51:56 erokez-msi kernel: io scheduler bfq registered
Mar 02 20:51:56 erokez-msi kernel: ledtrig-cpu: registered to indicate activity on CPUs
Mar 02 20:51:56 erokez-msi kernel: pcieport 0000:00:01.0: PME: Signaling with IRQ 120
Mar 02 20:51:56 erokez-msi kernel: pcieport 0000:00:06.0: PME: Signaling with IRQ 121
Mar 02 20:51:56 erokez-msi kernel: pcieport 0000:00:06.2: PME: Signaling with IRQ 122
Mar 02 20:51:56 erokez-msi kernel: pcieport 0000:00:1c.0: PME: Signaling with IRQ 123
Mar 02 20:51:56 erokez-msi kernel: shpchp: Standard Hot Plug PCI Controller Driver version: 0.4
Mar 02 20:51:56 erokez-msi kernel: intel_idle: max_cstate 1 reached
Mar 02 20:51:56 erokez-msi kernel: ACPI: AC: AC Adapter [ADP1] (on-line)
Mar 02 20:51:56 erokez-msi kernel: input: Lid Switch as /devices/LNXSYSTM:00/LNXSYBUS:00/PNP0A08:00/device:40/PNP0C09:00/PNP0C0D:00/input/input0
Mar 02 20:51:56 erokez-msi kernel: ACPI: button: Lid Switch [LID0]
Mar 02 20:51:56 erokez-msi kernel: input: Sleep Button as /devices/LNXSYSTM:00/LNXSYBUS:00/PNP0C0E:00/input/input1
Mar 02 20:51:56 erokez-msi kernel: ACPI: button: Sleep Button [SLPB]
Mar 02 20:51:56 erokez-msi kernel: input: Power Button as /devices/LNXSYSTM:00/LNXSYBUS:00/PNP0C0C:00/input/input2
Mar 02 20:51:56 erokez-msi kernel: ACPI: button: Power Button [PWRB]
Mar 02 20:51:56 erokez-msi kernel: thermal LNXTHERM:00: registered as thermal_zone0
Mar 02 20:51:56 erokez-msi kernel: ACPI: thermal: Thermal Zone [THRM] (37 C)
Mar 02 20:51:56 erokez-msi kernel: Serial: 8250/16550 driver, 32 ports, IRQ sharing enabled
Mar 02 20:51:56 erokez-msi kernel: hpet_acpi_add: no address or irqs in _CRS
Mar 02 20:51:56 erokez-msi kernel: Non-volatile memory driver v1.3
Mar 02 20:51:56 erokez-msi kernel: Linux agpgart interface v0.103
Mar 02 20:51:56 erokez-msi kernel: Freeing initrd memory: 75984K
Mar 02 20:51:56 erokez-msi kernel: ACPI: bus type drm_connector registered
Mar 02 20:51:56 erokez-msi kernel: ahci 0000:00:17.0: version 3.0
Mar 02 20:51:56 erokez-msi kernel: ahci 0000:00:17.0: AHCI vers 0001.0301, 32 command slots, 6 Gbps, SATA mode
Mar 02 20:51:56 erokez-msi kernel: ahci 0000:00:17.0: 1/1 ports implemented (port mask 0x2)
Mar 02 20:51:56 erokez-msi kernel: ahci 0000:00:17.0: flags: 64bit ncq sntf pm clo only pio slum part deso sadm sds 
Mar 02 20:51:56 erokez-msi kernel: scsi host0: ahci
Mar 02 20:51:56 erokez-msi kernel: scsi host1: ahci
Mar 02 20:51:56 erokez-msi kernel: ata1: DUMMY
Mar 02 20:51:56 erokez-msi kernel: ata2: SATA max UDMA/133 abar m2048@0x82302000 port 0x82302180 irq 124 lpm-pol 4
Mar 02 20:51:56 erokez-msi kernel: xhci_hcd 0000:00:0d.0: xHCI Host Controller
Mar 02 20:51:56 erokez-msi kernel: xhci_hcd 0000:00:0d.0: new USB bus registered, assigned bus number 1
Mar 02 20:51:56 erokez-msi kernel: xhci_hcd 0000:00:0d.0: hcc params 0x20007fc1 hci version 0x120 quirks 0x0000000200009810
Mar 02 20:51:56 erokez-msi kernel: xhci_hcd 0000:00:0d.0: xHCI Host Controller
Mar 02 20:51:56 erokez-msi kernel: xhci_hcd 0000:00:0d.0: new USB bus registered, assigned bus number 2
Mar 02 20:51:56 erokez-msi kernel: xhci_hcd 0000:00:0d.0: Host supports USB 3.2 Enhanced SuperSpeed
Mar 02 20:51:56 erokez-msi kernel: usb usb1: New USB device found, idVendor=1d6b, idProduct=0002, bcdDevice= 6.12
Mar 02 20:51:56 erokez-msi kernel: usb usb1: New USB device strings: Mfr=3, Product=2, SerialNumber=1
Mar 02 20:51:56 erokez-msi kernel: usb usb1: Product: xHCI Host Controller
Mar 02 20:51:56 erokez-msi kernel: usb usb1: Manufacturer: Linux 6.12.73-1-MANJARO xhci-hcd
Mar 02 20:51:56 erokez-msi kernel: usb usb1: SerialNumber: 0000:00:0d.0
Mar 02 20:51:56 erokez-msi kernel: hub 1-0:1.0: USB hub found
Mar 02 20:51:56 erokez-msi kernel: hub 1-0:1.0: 1 port detected
Mar 02 20:51:56 erokez-msi kernel: usb usb2: New USB device found, idVendor=1d6b, idProduct=0003, bcdDevice= 6.12
Mar 02 20:51:56 erokez-msi kernel: usb usb2: New USB device strings: Mfr=3, Product=2, SerialNumber=1
Mar 02 20:51:56 erokez-msi kernel: usb usb2: Product: xHCI Host Controller
Mar 02 20:51:56 erokez-msi kernel: usb usb2: Manufacturer: Linux 6.12.73-1-MANJARO xhci-hcd
Mar 02 20:51:56 erokez-msi kernel: usb usb2: SerialNumber: 0000:00:0d.0
Mar 02 20:51:56 erokez-msi kernel: hub 2-0:1.0: USB hub found
Mar 02 20:51:56 erokez-msi kernel: hub 2-0:1.0: 4 ports detected
Mar 02 20:51:57 erokez-msi kernel: xhci_hcd 0000:00:14.0: xHCI Host Controller
Mar 02 20:51:57 erokez-msi kernel: xhci_hcd 0000:00:14.0: new USB bus registered, assigned bus number 3
Mar 02 20:51:57 erokez-msi kernel: xhci_hcd 0000:00:14.0: hcc params 0x20007fc1 hci version 0x120 quirks 0x0000100200009810
Mar 02 20:51:57 erokez-msi kernel: xhci_hcd 0000:00:14.0: xHCI Host Controller
Mar 02 20:51:57 erokez-msi kernel: xhci_hcd 0000:00:14.0: new USB bus registered, assigned bus number 4
Mar 02 20:51:57 erokez-msi kernel: xhci_hcd 0000:00:14.0: Host supports USB 3.1 Enhanced SuperSpeed
Mar 02 20:51:57 erokez-msi kernel: usb usb3: New USB device found, idVendor=1d6b, idProduct=0002, bcdDevice= 6.12
Mar 02 20:51:57 erokez-msi kernel: usb usb3: New USB device strings: Mfr=3, Product=2, SerialNumber=1
Mar 02 20:51:57 erokez-msi kernel: usb usb3: Product: xHCI Host Controller
Mar 02 20:51:57 erokez-msi kernel: usb usb3: Manufacturer: Linux 6.12.73-1-MANJARO xhci-hcd
Mar 02 20:51:57 erokez-msi kernel: usb usb3: SerialNumber: 0000:00:14.0
Mar 02 20:51:57 erokez-msi kernel: hub 3-0:1.0: USB hub found
Mar 02 20:51:57 erokez-msi kernel: hub 3-0:1.0: 12 ports detected
Mar 02 20:51:57 erokez-msi kernel: usb usb4: New USB device found, idVendor=1d6b, idProduct=0003, bcdDevice= 6.12
Mar 02 20:51:57 erokez-msi kernel: usb usb4: New USB device strings: Mfr=3, Product=2, SerialNumber=1
Mar 02 20:51:57 erokez-msi kernel: usb usb4: Product: xHCI Host Controller
Mar 02 20:51:57 erokez-msi kernel: usb usb4: Manufacturer: Linux 6.12.73-1-MANJARO xhci-hcd
Mar 02 20:51:57 erokez-msi kernel: usb usb4: SerialNumber: 0000:00:14.0
Mar 02 20:51:57 erokez-msi kernel: hub 4-0:1.0: USB hub found
Mar 02 20:51:57 erokez-msi kernel: hub 4-0:1.0: 4 ports detected
Mar 02 20:51:57 erokez-msi kernel: usbcore: registered new interface driver usbserial_generic
Mar 02 20:51:57 erokez-msi kernel: usbserial: USB Serial support registered for generic
Mar 02 20:51:57 erokez-msi kernel: rtc_cmos rtc_cmos: RTC can wake from S4
Mar 02 20:51:57 erokez-msi kernel: rtc_cmos rtc_cmos: registered as rtc0
Mar 02 20:51:57 erokez-msi kernel: rtc_cmos rtc_cmos: setting system clock to 2026-03-02T17:51:54 UTC (1772473914)
Mar 02 20:51:57 erokez-msi kernel: rtc_cmos rtc_cmos: alarms up to one month, y3k, 114 bytes nvram
Mar 02 20:51:57 erokez-msi kernel: intel_pstate: Intel P-state driver initializing
Mar 02 20:51:57 erokez-msi kernel: intel_pstate: HWP enabled
Mar 02 20:51:57 erokez-msi kernel: efifb: probing for efifb
Mar 02 20:51:57 erokez-msi kernel: efifb: showing boot graphics
Mar 02 20:51:57 erokez-msi kernel: efifb: framebuffer at 0x4000000000, using 8100k, total 8100k
Mar 02 20:51:57 erokez-msi kernel: efifb: mode is 1920x1080x32, linelength=7680, pages=1
Mar 02 20:51:57 erokez-msi kernel: efifb: scrolling: redraw
Mar 02 20:51:57 erokez-msi kernel: efifb: Truecolor: size=8:8:8:8, shift=24:16:8:0
Mar 02 20:51:57 erokez-msi kernel: fbcon: Deferring console take-over
Mar 02 20:51:57 erokez-msi kernel: fb0: EFI VGA frame buffer device
Mar 02 20:51:57 erokez-msi kernel: hid: raw HID events driver (C) Jiri Kosina
Mar 02 20:51:57 erokez-msi kernel: drop_monitor: Initializing network drop monitor service
Mar 02 20:51:57 erokez-msi kernel: NET: Registered PF_INET6 protocol family
Mar 02 20:51:57 erokez-msi kernel: Segment Routing with IPv6
Mar 02 20:51:57 erokez-msi kernel: RPL Segment Routing with IPv6
Mar 02 20:51:57 erokez-msi kernel: In-situ OAM (IOAM) with IPv6
Mar 02 20:51:57 erokez-msi kernel: NET: Registered PF_PACKET protocol family
Mar 02 20:51:57 erokez-msi kernel: ENERGY_PERF_BIAS: Set to 'normal', was 'performance'
Mar 02 20:51:57 erokez-msi kernel: microcode: Current revision: 0x0000043b
Mar 02 20:51:57 erokez-msi kernel: microcode: Updated early from: 0x00000416
Mar 02 20:51:57 erokez-msi kernel: unchecked MSR access error: WRMSR to 0xd10 (tried to write 0x000000000000ffff) at rIP: 0xffffffffad89a118 (native_write_msr+0x8/0x30)
Mar 02 20:51:57 erokez-msi kernel: Call Trace:
Mar 02 20:51:57 erokez-msi kernel:  <TASK>
Mar 02 20:51:57 erokez-msi kernel:  cat_wrmsr+0x46/0x70
Mar 02 20:51:57 erokez-msi kernel:  ? __pfx_smpboot_thread_fn+0x10/0x10
Mar 02 20:51:57 erokez-msi kernel:  resctrl_arch_online_cpu+0x2a2/0x550
Mar 02 20:51:57 erokez-msi kernel:  ? __pfx_resctrl_arch_online_cpu+0x10/0x10
Mar 02 20:51:57 erokez-msi kernel:  cpuhp_invoke_callback+0x123/0x420
Mar 02 20:51:57 erokez-msi kernel:  ? __pfx_smpboot_thread_fn+0x10/0x10
Mar 02 20:51:57 erokez-msi kernel:  cpuhp_thread_fun+0xa2/0x170
Mar 02 20:51:57 erokez-msi kernel:  smpboot_thread_fn+0xd6/0x1d0
Mar 02 20:51:57 erokez-msi kernel:  kthread+0xcf/0x100
Mar 02 20:51:57 erokez-msi kernel:  ? __pfx_kthread+0x10/0x10
Mar 02 20:51:57 erokez-msi kernel:  ret_from_fork+0x31/0x50
Mar 02 20:51:57 erokez-msi kernel:  ? __pfx_kthread+0x10/0x10
Mar 02 20:51:57 erokez-msi kernel:  ret_from_fork_asm+0x1a/0x30
Mar 02 20:51:57 erokez-msi kernel:  </TASK>
Mar 02 20:51:57 erokez-msi kernel: resctrl: L2 allocation detected
Mar 02 20:51:57 erokez-msi kernel: IPI shorthand broadcast: enabled
Mar 02 20:51:57 erokez-msi kernel: sched_clock: Marking stable (1007977487, 6533010)->(1037535787, -23025290)
Mar 02 20:51:57 erokez-msi kernel: registered taskstats version 1
Mar 02 20:51:57 erokez-msi kernel: Loading compiled-in X.509 certificates
Mar 02 20:51:57 erokez-msi kernel: Loaded X.509 cert 'Build time autogenerated kernel key: 54b43df34908e12b542841990ef74e9f05558374'
Mar 02 20:51:57 erokez-msi kernel: Demotion targets for Node 0: null
Mar 02 20:51:57 erokez-msi kernel: Key type .fscrypt registered
Mar 02 20:51:57 erokez-msi kernel: Key type fscrypt-provisioning registered
Mar 02 20:51:57 erokez-msi kernel: AppArmor: AppArmor sha256 policy hashing enabled
Mar 02 20:51:57 erokez-msi kernel: integrity: Loading X.509 certificate: UEFI:db
Mar 02 20:51:57 erokez-msi kernel: integrity: Loaded X.509 cert 'Microsoft Corporation UEFI CA 2011: 13adbf4309bd82709c8cd54f316ed522988a1bd4'
Mar 02 20:51:57 erokez-msi kernel: integrity: Loading X.509 certificate: UEFI:db
Mar 02 20:51:57 erokez-msi kernel: integrity: Loaded X.509 cert 'Microsoft Windows Production PCA 2011: a92902398e16c49778cd90f99e4f9ae17c55af53'
Mar 02 20:51:57 erokez-msi kernel: PM:   Magic number: 2:274:895
Mar 02 20:51:57 erokez-msi kernel: RAS: Correctable Errors collector initialized.
Mar 02 20:51:57 erokez-msi kernel: clk: Disabling unused clocks
Mar 02 20:51:57 erokez-msi kernel: PM: genpd: Disabling unused power domains
Mar 02 20:51:57 erokez-msi kernel: ACPI: battery: Slot [BAT1] (battery present)
Mar 02 20:51:57 erokez-msi kernel: usb 3-4: new full-speed USB device number 2 using xhci_hcd
Mar 02 20:51:57 erokez-msi kernel: ata2: SATA link down (SStatus 4 SControl 300)
Mar 02 20:51:57 erokez-msi kernel: Freeing unused decrypted memory: 2028K
Mar 02 20:51:57 erokez-msi kernel: Freeing unused kernel image (initmem) memory: 4292K
Mar 02 20:51:57 erokez-msi kernel: Write protecting the kernel read-only data: 34816k
Mar 02 20:51:57 erokez-msi kernel: Freeing unused kernel image (rodata/data gap) memory: 2032K
Mar 02 20:51:57 erokez-msi kernel: x86/mm: Checked W+X mappings: passed, no W+X pages found.
Mar 02 20:51:57 erokez-msi kernel: rodata_test: all tests were successful
Mar 02 20:51:57 erokez-msi kernel: Run /init as init process
Mar 02 20:51:57 erokez-msi kernel:   with arguments:
Mar 02 20:51:57 erokez-msi kernel:     /init
Mar 02 20:51:57 erokez-msi kernel:     splash
Mar 02 20:51:57 erokez-msi kernel:   with environment:
Mar 02 20:51:57 erokez-msi kernel:     HOME=/
Mar 02 20:51:57 erokez-msi kernel:     TERM=linux
Mar 02 20:51:57 erokez-msi kernel:     split_lock_detect=off
Mar 02 20:51:57 erokez-msi kernel: usb 3-4: New USB device found, idVendor=25a7, idProduct=fa7c, bcdDevice=13.32
Mar 02 20:51:57 erokez-msi kernel: usb 3-4: New USB device strings: Mfr=1, Product=2, SerialNumber=0
Mar 02 20:51:57 erokez-msi kernel: usb 3-4: Product: VGN F1
Mar 02 20:51:57 erokez-msi kernel: usb 3-4: Manufacturer: Compx
Mar 02 20:51:57 erokez-msi kernel: usbcore: registered new interface driver usbhid
Mar 02 20:51:57 erokez-msi kernel: usbhid: USB HID core driver
Mar 02 20:51:57 erokez-msi kernel: input: Compx VGN F1 as /devices/pci0000:00/0000:00:14.0/usb3/3-4/3-4:1.0/0003:25A7:FA7C.0001/input/input3
Mar 02 20:51:57 erokez-msi kernel: hid-generic 0003:25A7:FA7C.0001: input,hidraw0: USB HID v1.10 Mouse [Compx VGN F1] on usb-0000:00:14.0-4/input0
Mar 02 20:51:57 erokez-msi kernel: input: Compx VGN F1 Keyboard as /devices/pci0000:00/0000:00:14.0/usb3/3-4/3-4:1.1/0003:25A7:FA7C.0002/input/input4
Mar 02 20:51:57 erokez-msi kernel: input: Compx VGN F1 as /devices/pci0000:00/0000:00:14.0/usb3/3-4/3-4:1.1/0003:25A7:FA7C.0002/input/input5
Mar 02 20:51:57 erokez-msi kernel: input: Compx VGN F1 as /devices/pci0000:00/0000:00:14.0/usb3/3-4/3-4:1.1/0003:25A7:FA7C.0002/input/input6
Mar 02 20:51:57 erokez-msi kernel: hid-generic 0003:25A7:FA7C.0002: input,hiddev96,hidraw1: USB HID v1.10 Keyboard [Compx VGN F1] on usb-0000:00:14.0-4/input1
Mar 02 20:51:57 erokez-msi kernel: wmi_bus wmi_bus-PNP0C14:00: [Firmware Bug]: WQAK data block query control method not found
Mar 02 20:51:57 erokez-msi kernel: wmi_bus wmi_bus-PNP0C14:00: [Firmware Bug]: WQAL data block query control method not found
Mar 02 20:51:57 erokez-msi kernel: wmi_bus wmi_bus-PNP0C14:00: [Firmware Bug]: WMAJ method block execution control method not found
Mar 02 20:51:57 erokez-msi kernel: i8042: PNP: PS/2 Controller [PNP0303:PS2K,PNP0f13:PS2M] at 0x60,0x64 irq 1,12
Mar 02 20:51:57 erokez-msi kernel: serio: i8042 KBD port at 0x60,0x64 irq 1
Mar 02 20:51:57 erokez-msi kernel: serio: i8042 AUX port at 0x60,0x64 irq 12
Mar 02 20:51:57 erokez-msi kernel: usb 3-6: new high-speed USB device number 3 using xhci_hcd
Mar 02 20:51:57 erokez-msi kernel: nvme 0000:03:00.0: platform quirk: setting simple suspend
Mar 02 20:51:57 erokez-msi kernel: nvme nvme0: pci function 0000:03:00.0
Mar 02 20:51:57 erokez-msi kernel: intel-lpss 0000:00:15.0: enabling device (0004 -> 0006)
Mar 02 20:51:57 erokez-msi kernel: idma64 idma64.0: Found Intel integrated DMA 64-bit
Mar 02 20:51:57 erokez-msi kernel: nvme nvme0: D3 entry latency set to 8 seconds
Mar 02 20:51:57 erokez-msi kernel: nvme nvme0: allocated 64 MiB host memory buffer.
Mar 02 20:51:57 erokez-msi kernel: nvme nvme0: 12/0/0 default/read/poll queues
Mar 02 20:51:57 erokez-msi kernel: nvme nvme0: Ignoring bogus Namespace Identifiers
Mar 02 20:51:57 erokez-msi kernel:  nvme0n1: p1 p2 p3 p4
Mar 02 20:51:57 erokez-msi kernel: input: AT Translated Set 2 keyboard as /devices/platform/i8042/serio0/input/input7
Mar 02 20:51:57 erokez-msi kernel: raid6: skipped pq benchmark and selected avx2x4
Mar 02 20:51:57 erokez-msi kernel: raid6: using avx2x2 recovery algorithm
Mar 02 20:51:57 erokez-msi kernel: xor: automatically using best checksumming function   avx       
Mar 02 20:51:57 erokez-msi kernel: usb 3-6: New USB device found, idVendor=5986, idProduct=211b, bcdDevice= 3.01
Mar 02 20:51:57 erokez-msi kernel: usb 3-6: New USB device strings: Mfr=1, Product=2, SerialNumber=0
Mar 02 20:51:57 erokez-msi kernel: usb 3-6: Product: HD Webcam
Mar 02 20:51:57 erokez-msi kernel: usb 3-6: Manufacturer: SunplusIT Inc
Mar 02 20:51:57 erokez-msi kernel: usb 3-8: new high-speed USB device number 4 using xhci_hcd
Mar 02 20:51:57 erokez-msi kernel: Setting dangerous option enable_dc - tainting kernel
Mar 02 20:51:57 erokez-msi kernel: Setting dangerous option enable_fbc - tainting kernel
Mar 02 20:51:57 erokez-msi kernel: Setting dangerous option enable_psr - tainting kernel
Mar 02 20:51:57 erokez-msi kernel: i915 0000:00:02.0: [drm] Found ALDERLAKE_P (device ID 46a3) display version 13.00 stepping D0
Mar 02 20:51:57 erokez-msi kernel: i915 0000:00:02.0: vgaarb: deactivate vga console
Mar 02 20:51:57 erokez-msi kernel: i915 0000:00:02.0: [drm] Using Transparent Hugepages
Mar 02 20:51:57 erokez-msi kernel: i915 0000:00:02.0: vgaarb: VGA decodes changed: olddecodes=io+mem,decodes=io+mem:owns=io+mem
Mar 02 20:51:57 erokez-msi kernel: i915 0000:00:02.0: [drm] Finished loading DMC firmware i915/adlp_dmc.bin (v2.20)
Mar 02 20:51:57 erokez-msi kernel: i915 0000:00:02.0: [drm] GT0: GuC firmware i915/adlp_guc_70.bin version 70.49.4
Mar 02 20:51:57 erokez-msi kernel: i915 0000:00:02.0: [drm] GT0: HuC firmware i915/tgl_huc.bin version 7.9.3
Mar 02 20:51:57 erokez-msi kernel: Btrfs loaded, zoned=yes, fsverity=yes
Mar 02 20:51:57 erokez-msi kernel: i915 0000:00:02.0: [drm] GT0: HuC: authenticated for all workloads
Mar 02 20:51:57 erokez-msi kernel: i915 0000:00:02.0: [drm] GT0: GUC: submission enabled
Mar 02 20:51:57 erokez-msi kernel: i915 0000:00:02.0: [drm] GT0: GUC: SLPC enabled
Mar 02 20:51:57 erokez-msi kernel: i915 0000:00:02.0: [drm] GT0: GUC: RC enabled
Mar 02 20:51:57 erokez-msi kernel: i915 0000:00:02.0: [drm] Protected Xe Path (PXP) protected content support initialized
Mar 02 20:51:57 erokez-msi kernel: [drm] Initialized i915 1.6.0 for 0000:00:02.0 on minor 0
Mar 02 20:51:57 erokez-msi kernel: ACPI: video: Video Device [PEGP] (multi-head: no  rom: yes  post: no)
Mar 02 20:51:57 erokez-msi kernel: input: Video Bus as /devices/LNXSYSTM:00/LNXSYBUS:00/PNP0A08:00/device:00/LNXVIDEO:00/input/input9
Mar 02 20:51:57 erokez-msi kernel: ACPI: video: Video Device [GFX0] (multi-head: yes  rom: no  post: no)
Mar 02 20:51:57 erokez-msi kernel: input: Video Bus as /devices/LNXSYSTM:00/LNXSYBUS:00/PNP0A08:00/LNXVIDEO:01/input/input10
Mar 02 20:51:57 erokez-msi kernel: fbcon: i915drmfb (fb0) is primary device
Mar 02 20:51:57 erokez-msi kernel: fbcon: Deferring console take-over
Mar 02 20:51:57 erokez-msi kernel: i915 0000:00:02.0: [drm] fb0: i915drmfb frame buffer device
Mar 02 20:51:57 erokez-msi kernel: usb 3-8: New USB device found, idVendor=1a40, idProduct=0101, bcdDevice= 1.00
Mar 02 20:51:57 erokez-msi kernel: usb 3-8: New USB device strings: Mfr=0, Product=1, SerialNumber=0
Mar 02 20:51:57 erokez-msi kernel: usb 3-8: Product: USB 2.0 Hub [MTT]
Mar 02 20:51:57 erokez-msi kernel: hub 3-8:1.0: USB hub found
Mar 02 20:51:57 erokez-msi kernel: hub 3-8:1.0: 4 ports detected
Mar 02 20:51:57 erokez-msi kernel: usb 3-10: new full-speed USB device number 5 using xhci_hcd
Mar 02 20:51:57 erokez-msi kernel: usb 3-10: New USB device found, idVendor=8087, idProduct=0026, bcdDevice= 0.02
Mar 02 20:51:57 erokez-msi kernel: usb 3-10: New USB device strings: Mfr=0, Product=0, SerialNumber=0
Mar 02 20:51:57 erokez-msi kernel: usb 3-8.2: new high-speed USB device number 6 using xhci_hcd
Mar 02 20:51:57 erokez-msi kernel: usb 3-8.2: New USB device found, idVendor=1c75, idProduct=af80, bcdDevice= 1.50
Mar 02 20:51:57 erokez-msi kernel: usb 3-8.2: New USB device strings: Mfr=1, Product=3, SerialNumber=2
Mar 02 20:51:57 erokez-msi kernel: usb 3-8.2: Product: MiniFuse 1
Mar 02 20:51:57 erokez-msi kernel: usb 3-8.2: Manufacturer: ARTURIA
Mar 02 20:51:57 erokez-msi kernel: usb 3-8.2: SerialNumber: 8830400273080328
Mar 02 20:51:57 erokez-msi kernel: BTRFS: device fsid 9588d3dc-8304-4c3c-918c-a6acfbb3c59e devid 1 transid 119511 /dev/nvme0n1p2 (259:2) scanned by mount (307)
Mar 02 20:51:57 erokez-msi kernel: BTRFS info (device nvme0n1p2): first mount of filesystem 9588d3dc-8304-4c3c-918c-a6acfbb3c59e
Mar 02 20:51:57 erokez-msi kernel: BTRFS info (device nvme0n1p2): using crc32c (crc32c-intel) checksum algorithm
Mar 02 20:51:57 erokez-msi kernel: BTRFS info (device nvme0n1p2): bdev /dev/nvme0n1p2 errs: wr 0, rd 0, flush 0, corrupt 29, gen 0
Mar 02 20:51:57 erokez-msi kernel: BTRFS info (device nvme0n1p2): enabling ssd optimizations
Mar 02 20:51:57 erokez-msi kernel: BTRFS info (device nvme0n1p2): turning on async discard
Mar 02 20:51:57 erokez-msi kernel: BTRFS info (device nvme0n1p2): enabling free space tree
Mar 02 20:51:57 erokez-msi kernel: usb 3-8.1: new full-speed USB device number 7 using xhci_hcd
Mar 02 20:51:57 erokez-msi systemd[1]: systemd 259.1-1-manjaro running in system mode (+PAM +AUDIT -SELINUX +APPARMOR -IMA +IPE +SMACK +SECCOMP +GCRYPT +GNUTLS +OPENSSL +ACL +BLKID +CURL +ELFUTILS +FIDO2 +IDN2 -IDN +KMOD +LIBCRYPTSETUP +LIBCRYPTSETUP_PLUGINS +LIBFDISK +PCRE2 +PWQUALITY +P11KIT +QRENCODE +TPM2 +BZIP2 +LZ4 +XZ +ZLIB +ZSTD +BPF_FRAMEWORK +BTF +XKBCOMMON +UTMP -SYSVINIT +LIBARCHIVE)
Mar 02 20:51:57 erokez-msi systemd[1]: Detected architecture x86-64.
Mar 02 20:51:57 erokez-msi systemd[1]: Hostname set to <erokez-msi>.
Mar 02 20:51:57 erokez-msi systemd[1]: bpf-restrict-fs: LSM BPF program attached
Mar 02 20:51:57 erokez-msi kernel: zram: Added device: zram0
Mar 02 20:51:57 erokez-msi systemd[1]: /usr/lib/systemd/system/zapret.service:10: Unit uses KillMode=none. This is unsafe, as it disables systemd's process lifecycle management for the service. Please update the service to use a safer KillMode=, such as 'mixed' or 'control-group'. Support for KillMode=none is deprecated and will eventually be removed.
Mar 02 20:51:57 erokez-msi systemd[1]: Queued start job for default target Graphical Interface.
Mar 02 20:51:57 erokez-msi systemd[1]: Created slice Virtual Machine and Container Slice.
Mar 02 20:51:57 erokez-msi systemd[1]: Created slice CUPS Slice.
Mar 02 20:51:57 erokez-msi systemd[1]: Created slice Slice /system/dirmngr.
Mar 02 20:51:57 erokez-msi systemd[1]: Created slice Slice /system/getty.
Mar 02 20:51:57 erokez-msi systemd[1]: Created slice Slice /system/gpg-agent.
Mar 02 20:51:57 erokez-msi systemd[1]: Created slice Slice /system/gpg-agent-browser.
Mar 02 20:51:57 erokez-msi systemd[1]: Created slice Slice /system/gpg-agent-extra.
Mar 02 20:51:57 erokez-msi systemd[1]: Created slice Slice /system/gpg-agent-ssh.
Mar 02 20:51:57 erokez-msi systemd[1]: Created slice Slice /system/keyboxd.
Mar 02 20:51:57 erokez-msi systemd[1]: Created slice Slice /system/modprobe.
Mar 02 20:51:57 erokez-msi systemd[1]: Created slice Slice /system/systemd-fsck.
Mar 02 20:51:57 erokez-msi systemd[1]: Created slice Slice /system/systemd-zram-setup.
Mar 02 20:51:57 erokez-msi systemd[1]: Created slice User and Session Slice.
Mar 02 20:51:57 erokez-msi systemd[1]: Started Forward Password Requests to Wall Directory Watch.
Mar 02 20:51:57 erokez-msi systemd[1]: Set up automount Arbitrary Executable File Formats File System Automount Point.
Mar 02 20:51:57 erokez-msi systemd[1]: Expecting device /dev/disk/by-uuid/0D58-A925...
Mar 02 20:51:57 erokez-msi systemd[1]: Expecting device /dev/disk/by-uuid/9588d3dc-8304-4c3c-918c-a6acfbb3c59e...
Mar 02 20:51:57 erokez-msi systemd[1]: Expecting device /dev/zram0...
Mar 02 20:51:57 erokez-msi systemd[1]: Reached target Login Prompts.
Mar 02 20:51:57 erokez-msi systemd[1]: Reached target Image Downloads.
Mar 02 20:51:57 erokez-msi systemd[1]: Reached target Local Integrity Protected Volumes.
Mar 02 20:51:57 erokez-msi systemd[1]: Reached target Remote File Systems.
Mar 02 20:51:57 erokez-msi systemd[1]: Reached target Slice Units.
Mar 02 20:51:57 erokez-msi systemd[1]: Reached target Local Verity Protected Volumes.
Mar 02 20:51:57 erokez-msi systemd[1]: Listening on Device-mapper event daemon FIFOs.
Mar 02 20:51:57 erokez-msi systemd[1]: Listening on LVM2 poll daemon socket.
Mar 02 20:51:57 erokez-msi systemd[1]: Listening on Query the User Interactively for a Password.
Mar 02 20:51:57 erokez-msi systemd[1]: Listening on Process Core Dump Socket.
Mar 02 20:51:57 erokez-msi systemd[1]: Listening on Credential Encryption/Decryption.
Mar 02 20:51:57 erokez-msi systemd[1]: Listening on Factory Reset Management.
Mar 02 20:51:57 erokez-msi systemd[1]: Listening on Journal Socket (/dev/log).
Mar 02 20:51:57 erokez-msi systemd[1]: Listening on Journal Sockets.
Mar 02 20:51:57 erokez-msi systemd[1]: Listening on Console Output Muting Service Socket.
Mar 02 20:51:57 erokez-msi systemd[1]: TPM PCR Measurements skipped, unmet condition check ConditionSecurity=measured-uki
Mar 02 20:51:57 erokez-msi systemd[1]: Make TPM PCR Policy skipped, unmet condition check ConditionSecurity=measured-uki
Mar 02 20:51:57 erokez-msi systemd[1]: Listening on Disk Repartitioning Service Socket.
Mar 02 20:51:57 erokez-msi systemd[1]: Listening on Resolve Monitor Varlink Socket.
Mar 02 20:51:57 erokez-msi systemd[1]: Listening on Resolve Service Varlink Socket.
Mar 02 20:51:57 erokez-msi systemd[1]: Listening on udev Control Socket.
Mar 02 20:51:57 erokez-msi systemd[1]: Listening on udev Kernel Socket.
Mar 02 20:51:57 erokez-msi systemd[1]: Listening on udev Varlink Socket.
Mar 02 20:51:57 erokez-msi systemd[1]: Listening on User Database Manager Socket.
Mar 02 20:51:57 erokez-msi systemd[1]: Mounting Huge Pages File System...
Mar 02 20:51:57 erokez-msi systemd[1]: Mounting POSIX Message Queue File System...
Mar 02 20:51:57 erokez-msi systemd[1]: Mounting Kernel Debug File System...
Mar 02 20:51:57 erokez-msi systemd[1]: Mounting Kernel Trace File System...
Mar 02 20:51:57 erokez-msi systemd[1]: Starting Create List of Static Device Nodes...
Mar 02 20:51:57 erokez-msi systemd[1]: Starting Monitoring of LVM2 mirrors, snapshots etc. using dmeventd or progress polling...
Mar 02 20:51:57 erokez-msi systemd[1]: Load Kernel Module configfs skipped, unmet condition check ConditionKernelModuleLoaded=!configfs
Mar 02 20:51:57 erokez-msi systemd[1]: Mounting Kernel Configuration File System...
Mar 02 20:51:57 erokez-msi systemd[1]: Load Kernel Module drm skipped, unmet condition check ConditionKernelModuleLoaded=!drm
Mar 02 20:51:57 erokez-msi systemd[1]: Load Kernel Module fuse skipped, unmet condition check ConditionKernelModuleLoaded=!fuse
Mar 02 20:51:57 erokez-msi systemd[1]: Mounting FUSE Control File System...
Mar 02 20:51:57 erokez-msi systemd[1]: Clear Stale Hibernate Storage Info skipped, unmet condition check ConditionPathExists=/sys/firmware/efi/efivars/HibernateLocation-8cf2644b-4b0b-428f-9387-6d876050dc67
Mar 02 20:51:57 erokez-msi systemd[1]: Starting Journal Service...
Mar 02 20:51:57 erokez-msi systemd[1]: Starting Load Kernel Modules...
Mar 02 20:51:57 erokez-msi systemd[1]: TPM PCR Machine ID Measurement skipped, unmet condition check ConditionSecurity=measured-uki
Mar 02 20:51:57 erokez-msi systemd[1]: TPM NvPCR Product ID Measurement skipped, unmet condition check ConditionSecurity=measured-uki
Mar 02 20:51:57 erokez-msi systemd[1]: Starting Remount Root and Kernel File Systems...
Mar 02 20:51:57 erokez-msi systemd[1]: Early TPM SRK Setup skipped, unmet condition check ConditionSecurity=measured-uki
Mar 02 20:51:57 erokez-msi systemd[1]: Starting Load udev Rules from Credentials...
Mar 02 20:51:57 erokez-msi systemd[1]: Starting Coldplug All udev Devices...
Mar 02 20:51:57 erokez-msi systemd[1]: Starting Virtual Console Setup...
Mar 02 20:51:57 erokez-msi systemd[1]: Mounted Huge Pages File System.
Mar 02 20:51:57 erokez-msi systemd[1]: Mounted POSIX Message Queue File System.
Mar 02 20:51:57 erokez-msi systemd[1]: Mounted Kernel Debug File System.
Mar 02 20:51:57 erokez-msi systemd[1]: Mounted Kernel Trace File System.
Mar 02 20:51:57 erokez-msi systemd[1]: Finished Create List of Static Device Nodes.
Mar 02 20:51:57 erokez-msi systemd[1]: Mounted Kernel Configuration File System.
Mar 02 20:51:57 erokez-msi systemd[1]: Mounted FUSE Control File System.
Mar 02 20:51:57 erokez-msi systemd[1]: Starting Create Static Device Nodes in /dev gracefully...
Mar 02 20:51:57 erokez-msi systemd[1]: Finished Virtual Console Setup.
Mar 02 20:51:57 erokez-msi systemd[1]: Finished Load udev Rules from Credentials.
Mar 02 20:51:57 erokez-msi kernel: acpi_call: loading out-of-tree module taints kernel.
Mar 02 20:51:57 erokez-msi kernel: acpi_call: module verification failed: signature and/or required key missing - tainting kernel
Mar 02 20:51:57 erokez-msi systemd-journald[378]: Collecting audit messages is disabled.
Mar 02 20:51:57 erokez-msi kernel: i2c_dev: i2c /dev entries driver
Mar 02 20:51:57 erokez-msi kernel: device-mapper: uevent: version 1.0.3
Mar 02 20:51:57 erokez-msi kernel: device-mapper: ioctl: 4.48.0-ioctl (2023-03-01) initialised: dm-devel@lists.linux.dev
Mar 02 20:51:57 erokez-msi systemd[1]: Starting User Database Manager...
Mar 02 20:51:57 erokez-msi systemd-journald[378]: Journal started
Mar 02 20:51:57 erokez-msi systemd-journald[378]: Runtime Journal (/run/log/journal/b623b73718e74b5aa7e1ec840d979101) is 8M, max 1.5G, 1.5G free.
Mar 02 20:51:56 erokez-msi systemd-modules-load[379]: Using 9 probe threads
Mar 02 20:51:56 erokez-msi systemd-vconsole-setup[384]: All allocated virtual consoles are busy, will not configure key mapping and font.
Mar 02 20:51:56 erokez-msi systemd-modules-load[379]: Failed to find module 'ntsync'
Mar 02 20:51:56 erokez-msi systemd-modules-load[379]: Inserted module 'acpi_call'
Mar 02 20:51:56 erokez-msi systemd-modules-load[379]: Inserted module 'crypto_user'
Mar 02 20:51:56 erokez-msi systemd-modules-load[379]: Inserted module 'uinput'
Mar 02 20:51:56 erokez-msi systemd-modules-load[379]: Inserted module 'sg'
Mar 02 20:51:56 erokez-msi systemd-modules-load[379]: Inserted module 'i2c_dev'
Mar 02 20:51:57 erokez-msi systemd[1]: Started Journal Service.
Mar 02 20:51:57 erokez-msi systemd[1]: Finished Monitoring of LVM2 mirrors, snapshots etc. using dmeventd or progress polling.
Mar 02 20:51:57 erokez-msi systemd[1]: Finished Remount Root and Kernel File Systems.
Mar 02 20:51:57 erokez-msi systemd[1]: Rebuild Hardware Database skipped, unmet condition check ConditionNeedsUpdate=/etc
Mar 02 20:51:57 erokez-msi kernel: BTRFS info (device nvme0n1p2 state M): use zstd compression, level 1
Mar 02 20:51:57 erokez-msi systemd[1]: Starting Load/Save OS Random Seed...
Mar 02 20:51:57 erokez-msi systemd[1]: TPM SRK Setup skipped, unmet condition check ConditionSecurity=measured-uki
Mar 02 20:51:57 erokez-msi systemd[1]: TPM PCR NvPCR Initialization Separator skipped, unmet condition check ConditionSecurity=measured-uki
Mar 02 20:51:57 erokez-msi systemd[1]: Started User Database Manager.
Mar 02 20:51:57 erokez-msi kernel: nvidia: module license 'NVIDIA' taints kernel.
Mar 02 20:51:57 erokez-msi kernel: Disabling lock debugging due to kernel taint
Mar 02 20:51:57 erokez-msi kernel: nvidia: module license taints kernel.
Mar 02 20:51:57 erokez-msi systemd[1]: Finished Create Static Device Nodes in /dev gracefully.
Mar 02 20:51:57 erokez-msi systemd[1]: Create System Users skipped, no trigger condition checks were met.
Mar 02 20:51:57 erokez-msi systemd[1]: Starting Network Time Synchronization...
Mar 02 20:51:57 erokez-msi systemd[1]: Starting Create Static Device Nodes in /dev...
Mar 02 20:51:57 erokez-msi systemd[1]: Finished Load/Save OS Random Seed.
Mar 02 20:51:57 erokez-msi systemd[1]: Finished Create Static Device Nodes in /dev.
Mar 02 20:51:57 erokez-msi systemd[1]: Reached target Preparation for Local File Systems.
Mar 02 20:51:57 erokez-msi systemd[1]: Repartition Root Disk skipped, no trigger condition checks were met.
Mar 02 20:51:57 erokez-msi systemd[1]: Starting Rule-based Manager for Device Events and Files...
Mar 02 20:51:57 erokez-msi systemd[1]: Finished Coldplug All udev Devices.
Mar 02 20:51:57 erokez-msi systemd[1]: Started Network Time Synchronization.
Mar 02 20:51:57 erokez-msi systemd[1]: Reached target System Time Set.
Mar 02 20:51:57 erokez-msi systemd[1]: Started Rule-based Manager for Device Events and Files.
Mar 02 20:51:57 erokez-msi systemd[1]: Starting Show Plymouth Boot Screen...
Mar 02 20:51:57 erokez-msi systemd[1]: Started Show Plymouth Boot Screen.
Mar 02 20:51:57 erokez-msi systemd[1]: Dispatch Password Requests to Console Directory Watch skipped, unmet condition check ConditionPathExists=!/run/plymouth/pid
Mar 02 20:51:57 erokez-msi systemd[1]: Started Forward Password Requests to Plymouth Directory Watch.
Mar 02 20:51:57 erokez-msi systemd[1]: Reached target Local Encrypted Volumes.
Mar 02 20:51:57 erokez-msi systemd[1]: Found device /dev/zram0.
Mar 02 20:51:57 erokez-msi systemd[1]: Starting Create swap on /dev/zram0...
Mar 02 20:51:57 erokez-msi kernel: nvidia-nvlink: Nvlink Core is being initialized, major device number 236
Mar 02 20:51:57 erokez-msi kernel: 
Mar 02 20:51:57 erokez-msi kernel: nvidia 0000:01:00.0: enabling device (0000 -> 0003)
Mar 02 20:51:57 erokez-msi systemd[1]: Condition check resulted in /dev/tpmrm0 being skipped.
Mar 02 20:51:57 erokez-msi systemd[1]: Expecting device /dev/tpm0...
Mar 02 20:51:57 erokez-msi kernel: zram0: detected capacity change from 0 to 32560128
Mar 02 20:51:57 erokez-msi mtp-probe[477]: checking bus 3, device 2: "/sys/devices/pci0000:00/0000:00:14.0/usb3/3-4"
Mar 02 20:51:57 erokez-msi mtp-probe[477]: bus: 3, device: 2 was not an MTP device
Mar 02 20:51:57 erokez-msi systemd-makefs[478]: /dev/zram0 successfully formatted as swap (label "zram0", uuid 050e2046-c310-49b2-943c-3f8b57e07792)
Mar 02 20:51:57 erokez-msi systemd[1]: Found device SAMSUNG MZVL4512HBLU-00BTW 1.
Mar 02 20:51:57 erokez-msi systemd[1]: Finished Create swap on /dev/zram0.
Mar 02 20:51:57 erokez-msi kernel: mousedev: PS/2 mouse device common for all mice
Mar 02 20:51:57 erokez-msi systemd[1]: Found device SAMSUNG MZVL4512HBLU-00BTW root.
Mar 02 20:51:57 erokez-msi systemd[1]: Activating swap Compressed Swap on /dev/zram0...
Mar 02 20:51:57 erokez-msi systemd[1]: Starting File System Check on /dev/disk/by-uuid/0D58-A925...
Mar 02 20:51:57 erokez-msi kernel: NVRM: loading NVIDIA UNIX x86_64 Kernel Module  590.48.01  Mon Dec  8 11:22:45 UTC 2025
Mar 02 20:51:57 erokez-msi systemd-modules-load[379]: Inserted module 'nvidia'
Mar 02 20:51:57 erokez-msi systemd[1]: Found device /dev/tpm0.
Mar 02 20:51:57 erokez-msi systemd[1]: Reached target Trusted Platform Module.
Mar 02 20:51:57 erokez-msi kernel: nvidia_uvm: module uses symbols nvUvmInterfaceDisableAccessCntr from proprietary module nvidia, inheriting taint.
Mar 02 20:51:57 erokez-msi kernel: Consider using thermal netlink events interface
Mar 02 20:51:57 erokez-msi kernel: input: Intel HID events as /devices/platform/INTC1070:00/input/input11
Mar 02 20:51:57 erokez-msi kernel: nvidia-modeset: Loading NVIDIA Kernel Mode Setting Driver for UNIX platforms  590.48.01  Mon Dec  8 12:50:27 UTC 2025
Mar 02 20:51:57 erokez-msi kernel: intel-hid INTC1070:00: platform supports 5 button array
Mar 02 20:51:57 erokez-msi kernel: input: Intel HID 5 button array as /devices/platform/INTC1070:00/input/input12
Mar 02 20:51:57 erokez-msi systemd[1]: Created slice Slice /system/systemd-backlight.
Mar 02 20:51:57 erokez-msi mtp-probe[497]: checking bus 3, device 3: "/sys/devices/pci0000:00/0000:00:14.0/usb3/3-6"
Mar 02 20:51:57 erokez-msi mtp-probe[497]: bus: 3, device: 3 was not an MTP device
Mar 02 20:51:57 erokez-msi systemd[1]: Starting Load/Save Screen Backlight Brightness of backlight:intel_backlight...
Mar 02 20:51:57 erokez-msi systemd-fsck[494]: fsck.fat 4.2 (2021-01-31)
Mar 02 20:51:57 erokez-msi systemd-fsck[494]: /dev/nvme0n1p1: 579 files, 10615/76646 clusters
Mar 02 20:51:57 erokez-msi kernel: mc: Linux media interface: v0.10
Mar 02 20:51:57 erokez-msi systemd-modules-load[379]: Inserted module 'nvidia_uvm'
Mar 02 20:51:57 erokez-msi kernel: r8168 Gigabit Ethernet driver 8.055.00-NAPI loaded
Mar 02 20:51:57 erokez-msi systemd[1]: Finished File System Check on /dev/disk/by-uuid/0D58-A925.
Mar 02 20:51:57 erokez-msi kernel: mei_me 0000:00:16.0: enabling device (0000 -> 0002)
Mar 02 20:51:57 erokez-msi kernel: [drm] [nvidia-drm] [GPU ID 0x00000100] Loading driver
Mar 02 20:51:57 erokez-msi kernel: intel_pmc_core INT33A1:00:  initialized
Mar 02 20:51:57 erokez-msi kernel: videodev: Linux video capture interface: v2.00
Mar 02 20:51:57 erokez-msi systemd[1]: Finished Load/Save Screen Backlight Brightness of backlight:intel_backlight.
Mar 02 20:51:57 erokez-msi kernel: input: MSI WMI hotkeys as /devices/virtual/input/input13
Mar 02 20:51:57 erokez-msi kernel: r8168: This product is covered by one or more of the following patents: US6,570,884, US6,115,776, and US6,327,625.
Mar 02 20:51:57 erokez-msi kernel: r8168  Copyright (C) 2024 Realtek NIC software team <nicfae@realtek.com> 
                                    This program comes with ABSOLUTELY NO WARRANTY; for details, please see <http://www.gnu.org/licenses/>. 
                                    This is free software, and you are welcome to redistribute it under certain conditions; see <http://www.gnu.org/licenses/>. 
Mar 02 20:51:57 erokez-msi kernel: input: PC Speaker as /devices/platform/pcspkr/input/input14
Mar 02 20:51:57 erokez-msi systemd[1]: Activated swap Compressed Swap on /dev/zram0.
Mar 02 20:51:57 erokez-msi systemd[1]: Reached target Swaps.
Mar 02 20:51:57 erokez-msi kernel: Adding 16280060k swap on /dev/zram0.  Priority:100 extents:1 across:16280060k SSDsc
Mar 02 20:51:57 erokez-msi kernel: RAPL PMU: API unit is 2^-32 Joules, 4 fixed counters, 655360 ms ovfl timer
Mar 02 20:51:57 erokez-msi kernel: RAPL PMU: hw unit of domain pp0-core 2^-14 Joules
Mar 02 20:51:57 erokez-msi kernel: RAPL PMU: hw unit of domain package 2^-14 Joules
Mar 02 20:51:57 erokez-msi kernel: RAPL PMU: hw unit of domain pp1-gpu 2^-14 Joules
Mar 02 20:51:57 erokez-msi kernel: RAPL PMU: hw unit of domain psys 2^-14 Joules
Mar 02 20:51:57 erokez-msi kernel: input: MSNB0001:00 06CB:7E7E Mouse as /devices/pci0000:00/0000:00:15.0/i2c_designware.0/i2c-0/i2c-MSNB0001:00/0018:06CB:7E7E.0003/input/input16
Mar 02 20:51:57 erokez-msi kernel: input: MSNB0001:00 06CB:7E7E Touchpad as /devices/pci0000:00/0000:00:15.0/i2c_designware.0/i2c-0/i2c-MSNB0001:00/0018:06CB:7E7E.0003/input/input17
Mar 02 20:51:57 erokez-msi kernel: hid-generic 0018:06CB:7E7E.0003: input,hidraw2: I2C HID v1.00 Mouse [MSNB0001:00 06CB:7E7E] on i2c-MSNB0001:00
Mar 02 20:51:57 erokez-msi kernel: cryptd: max_cpu_qlen set to 1000
Mar 02 20:51:57 erokez-msi kernel: Creating 1 MTD partitions on "0000:00:1f.5":
Mar 02 20:51:57 erokez-msi kernel: 0x000000000000-0x000002000000 : "BIOS"
